Component: Arm Compiler for Embedded 6.24 Tool: armlink [5f371500]

==============================================================================

Section Cross References

    isr.o(.text.TIM1_UP_IRQHandler) refers to imu.o(.text.ztjs) for ztjs
    isr.o(.ARM.exidx.text.TIM1_UP_IRQHandler) refers to isr.o(.text.TIM1_UP_IRQHandler) for [Anonymous Symbol]
    isr.o(.ARM.exidx.text.TIM2_IRQHandler) refers to isr.o(.text.TIM2_IRQHandler) for [Anonymous Symbol]
    isr.o(.ARM.exidx.text.TIM3_IRQHandler) refers to isr.o(.text.TIM3_IRQHandler) for [Anonymous Symbol]
    isr.o(.ARM.exidx.text.TIM4_IRQHandler) refers to isr.o(.text.TIM4_IRQHandler) for [Anonymous Symbol]
    isr.o(.ARM.exidx.text.TIM5_IRQHandler) refers to isr.o(.text.TIM5_IRQHandler) for [Anonymous Symbol]
    isr.o(.ARM.exidx.text.TIM6_IRQHandler) refers to isr.o(.text.TIM6_IRQHandler) for [Anonymous Symbol]
    isr.o(.ARM.exidx.text.TIM7_IRQHandler) refers to isr.o(.text.TIM7_IRQHandler) for [Anonymous Symbol]
    isr.o(.text.TIM8_UP_IRQHandler) refers to zf_device_tsl1401.o(.text.tsl1401_collect_pit_handler) for tsl1401_collect_pit_handler
    isr.o(.ARM.exidx.text.TIM8_UP_IRQHandler) refers to isr.o(.text.TIM8_UP_IRQHandler) for [Anonymous Symbol]
    isr.o(.ARM.exidx.text.UART1_IRQHandler) refers to isr.o(.text.UART1_IRQHandler) for [Anonymous Symbol]
    isr.o(.text.UART2_IRQHandler) refers to zf_device_gps_tau1201.o(.text.gps_uart_callback) for gps_uart_callback
    isr.o(.ARM.exidx.text.UART2_IRQHandler) refers to isr.o(.text.UART2_IRQHandler) for [Anonymous Symbol]
    isr.o(.ARM.exidx.text.UART3_IRQHandler) refers to isr.o(.text.UART3_IRQHandler) for [Anonymous Symbol]
    isr.o(.ARM.exidx.text.UART4_IRQHandler) refers to isr.o(.text.UART4_IRQHandler) for [Anonymous Symbol]
    isr.o(.ARM.exidx.text.UART5_IRQHandler) refers to isr.o(.text.UART5_IRQHandler) for [Anonymous Symbol]
    isr.o(.text.UART6_IRQHandler) refers to zf_device_type.o(.data.wireless_module_uart_handler) for wireless_module_uart_handler
    isr.o(.ARM.exidx.text.UART6_IRQHandler) refers to isr.o(.text.UART6_IRQHandler) for [Anonymous Symbol]
    isr.o(.ARM.exidx.text.UART7_IRQHandler) refers to isr.o(.text.UART7_IRQHandler) for [Anonymous Symbol]
    isr.o(.text.UART8_IRQHandler) refers to zf_device_type.o(.data.camera_uart_handler) for camera_uart_handler
    isr.o(.ARM.exidx.text.UART8_IRQHandler) refers to isr.o(.text.UART8_IRQHandler) for [Anonymous Symbol]
    isr.o(.ARM.exidx.text.EXTI0_IRQHandler) refers to isr.o(.text.EXTI0_IRQHandler) for [Anonymous Symbol]
    isr.o(.ARM.exidx.text.EXTI1_IRQHandler) refers to isr.o(.text.EXTI1_IRQHandler) for [Anonymous Symbol]
    isr.o(.ARM.exidx.text.EXTI2_IRQHandler) refers to isr.o(.text.EXTI2_IRQHandler) for [Anonymous Symbol]
    isr.o(.ARM.exidx.text.EXTI3_IRQHandler) refers to isr.o(.text.EXTI3_IRQHandler) for [Anonymous Symbol]
    isr.o(.text.EXTI4_IRQHandler) refers to zf_device_dl1a.o(.text.dl1a_int_handler) for dl1a_int_handler
    isr.o(.ARM.exidx.text.EXTI4_IRQHandler) refers to isr.o(.text.EXTI4_IRQHandler) for [Anonymous Symbol]
    isr.o(.text.EXTI9_5_IRQHandler) refers to zf_device_type.o(.data.camera_vsync_handler) for camera_vsync_handler
    isr.o(.ARM.exidx.text.EXTI9_5_IRQHandler) refers to isr.o(.text.EXTI9_5_IRQHandler) for [Anonymous Symbol]
    isr.o(.text.EXTI15_10_IRQHandler) refers to zf_device_dm1xa.o(.text.dm1xa_light_callback) for dm1xa_light_callback
    isr.o(.text.EXTI15_10_IRQHandler) refers to zf_device_dm1xa.o(.text.dm1xa_sound_callback) for dm1xa_sound_callback
    isr.o(.ARM.exidx.text.EXTI15_10_IRQHandler) refers to isr.o(.text.EXTI15_10_IRQHandler) for [Anonymous Symbol]
    isr.o(.ARM.exidx.text.DMA1_Channel1_IRQHandler) refers to isr.o(.text.DMA1_Channel1_IRQHandler) for [Anonymous Symbol]
    isr.o(.ARM.exidx.text.DMA1_Channel2_IRQHandler) refers to isr.o(.text.DMA1_Channel2_IRQHandler) for [Anonymous Symbol]
    isr.o(.ARM.exidx.text.DMA1_Channel3_IRQHandler) refers to isr.o(.text.DMA1_Channel3_IRQHandler) for [Anonymous Symbol]
    isr.o(.text.DMA1_Channel4_IRQHandler) refers to zf_device_type.o(.data.camera_dma_handler) for camera_dma_handler
    isr.o(.ARM.exidx.text.DMA1_Channel4_IRQHandler) refers to isr.o(.text.DMA1_Channel4_IRQHandler) for [Anonymous Symbol]
    isr.o(.ARM.exidx.text.DMA1_Channel5_IRQHandler) refers to isr.o(.text.DMA1_Channel5_IRQHandler) for [Anonymous Symbol]
    isr.o(.ARM.exidx.text.DMA1_Channel6_IRQHandler) refers to isr.o(.text.DMA1_Channel6_IRQHandler) for [Anonymous Symbol]
    isr.o(.ARM.exidx.text.DMA1_Channel7_IRQHandler) refers to isr.o(.text.DMA1_Channel7_IRQHandler) for [Anonymous Symbol]
    isr.o(.ARM.exidx.text.DMA2_Channel1_IRQHandler) refers to isr.o(.text.DMA2_Channel1_IRQHandler) for [Anonymous Symbol]
    isr.o(.ARM.exidx.text.DMA2_Channel2_IRQHandler) refers to isr.o(.text.DMA2_Channel2_IRQHandler) for [Anonymous Symbol]
[...]
    adc_index                                0x2000000c   Data           8  zf_driver_adc.o(.data.adc_index)
    [Anonymous Symbol]                       0x2000000c   Section        0  zf_driver_adc.o(.data.adc_index)
    dm1xa_distance_mm                        0x20000022   Data           2  zf_device_dm1xa.o(.data.dm1xa_distance_mm)
    [Anonymous Symbol]                       0x20000022   Section        0  zf_device_dm1xa.o(.data.dm1xa_distance_mm)
    encoder_dir_pin                          0x20000024   Data           8  zf_driver_encoder.o(.data.encoder_dir_pin)
    [Anonymous Symbol]                       0x20000024   Section        0  zf_driver_encoder.o(.data.encoder_dir_pin)
    frame_end_char                           0x2000002c   Data           1  zf_device_bluetooth_hc04.o(.data.frame_end_char)
    [Anonymous Symbol]                       0x2000002c   Section        0  zf_device_bluetooth_hc04.o(.data.frame_end_char)
    frame_start_char                         0x2000002d   Data           1  zf_device_bluetooth_hc04.o(.data.frame_start_char)
    [Anonymous Symbol]                       0x2000002d   Section        0  zf_device_bluetooth_hc04.o(.data.frame_start_char)
    spi_index                                0x20000050   Data           8  zf_driver_spi.o(.data.spi_index)
    [Anonymous Symbol]                       0x20000050   Section        0  zf_driver_spi.o(.data.spi_index)
    uart_index                               0x2000005c   Data          32  zf_driver_uart.o(.data.uart_index)
    [Anonymous Symbol]                       0x2000005c   Section        0  zf_driver_uart.o(.data.uart_index)
    uart_irq                                 0x2000007c   Data           8  zf_driver_uart.o(.data.uart_irq)
    [Anonymous Symbol]                       0x2000007c   Section        0  zf_driver_uart.o(.data.uart_irq)
    zf_debug_assert_enable                   0x20000088   Data           1  zf_common_debug.o(.data.zf_debug_assert_enable)
    [Anonymous Symbol]                       0x20000088   Section        0  zf_common_debug.o(.data.zf_debug_assert_enable)
    adc_resolution                           0x200000dc   Data           2  zf_driver_adc.o(.bss.adc_resolution)
    [Anonymous Symbol]                       0x200000dc   Section        0  zf_driver_adc.o(.bss.adc_resolution)
    bluetooth_hc04_buffer                    0x200000de   Data         512  zf_device_bluetooth_hc04.o(.bss.bluetooth_hc04_buffer)
    [Anonymous Symbol]                       0x200000de   Section        0  zf_device_bluetooth_hc04.o(.bss.bluetooth_hc04_buffer)
    bluetooth_hc04_data                      0x200002de   Data           1  zf_device_bluetooth_hc04.o(.bss.bluetooth_hc04_data)
    [Anonymous Symbol]                       0x200002de   Section        0  zf_device_bluetooth_hc04.o(.bss.bluetooth_hc04_data)
    bluetooth_hc04_fifo                      0x200002e0   Data          24  zf_device_bluetooth_hc04.o(.bss.bluetooth_hc04_fifo)
    [Anonymous Symbol]                       0x200002e0   Section        0  zf_device_bluetooth_hc04.o(.bss.bluetooth_hc04_fifo)
    debug_assert_handler.assert_nest_index   0x20000310   Data           1  zf_common_debug.o(.bss.debug_assert_handler.assert_nest_index)
    [Anonymous Symbol]                       0x20000310   Section        0  zf_common_debug.o(.bss.debug_assert_handler.assert_nest_index)
    debug_output_info                        0x20000314   Data          20  zf_common_debug.o(.bss.debug_output_info)
    [Anonymous Symbol]                       0x20000314   Section        0  zf_common_debug.o(.bss.debug_output_info)
    dl1a_iic_struct                          0x2000032c   Data          16  zf_device_dl1a.o(.bss.dl1a_iic_struct)
    [Anonymous Symbol]                       0x2000032c   Section        0  zf_device_dl1a.o(.bss.dl1a_iic_struct)
    dm1xa_plus_count                         0x2000033c   Data           4  zf_device_dm1xa.o(.bss.dm1xa_plus_count)
    [Anonymous Symbol]                       0x2000033c   Section        0  zf_device_dm1xa.o(.bss.dm1xa_plus_count)
    dm1xa_ranging_state                      0x20000340   Data           1  zf_device_dm1xa.o(.bss.dm1xa_ranging_state)
    [Anonymous Symbol]                       0x20000340   Section        0  zf_device_dm1xa.o(.bss.dm1xa_ranging_state)
    dm1xa_type                               0x20000341   Data           1  zf_device_dm1xa.o(.bss.dm1xa_type)
    [Anonymous Symbol]                       0x20000341   Section        0  zf_device_dm1xa.o(.bss.dm1xa_type)
    frame_buffer                             0x20000342   Data         128  zf_device_bluetooth_hc04.o(.bss.frame_buffer)
    [Anonymous Symbol]                       0x20000342   Section        0  zf_device_bluetooth_hc04.o(.bss.frame_buffer)
    frame_index                              0x200003c2   Data           2  zf_device_bluetooth_hc04.o(.bss.frame_index)
    [Anonymous Symbol]                       0x200003c2   Section        0  zf_device_bluetooth_hc04.o(.bss.frame_index)
    gps_gga_buffer                           0x200003c4   Data         128  zf_device_gps_tau1201.o(.bss.gps_gga_buffer)
    [Anonymous Symbol]                       0x200003c4   Section        0  zf_device_gps_tau1201.o(.bss.gps_gga_buffer)
    gps_rmc_buffer                           0x20000445   Data         128  zf_device_gps_tau1201.o(.bss.gps_rmc_buffer)
    [Anonymous Symbol]                       0x20000445   Section        0  zf_device_gps_tau1201.o(.bss.gps_rmc_buffer)
    gps_tau1201_receiver_fifo                0x200004c8   Data          24  zf_device_gps_tau1201.o(.bss.gps_tau1201_receiver_fifo)
    [Anonymous Symbol]                       0x200004c8   Section        0  zf_device_gps_tau1201.o(.bss.gps_tau1201_receiver_fifo)
    gps_tau1201_state                        0x200004e0   Data           1  zf_device_gps_tau1201.o(.bss.gps_tau1201_state)
    [Anonymous Symbol]                       0x200004e0   Section        0  zf_device_gps_tau1201.o(.bss.gps_tau1201_state)
    interrupt_nest_count                     0x200004e4   Data           4  zf_common_interrupt.o(.bss.interrupt_nest_count)
    [Anonymous Symbol]                       0x200004e4   Section        0  zf_common_interrupt.o(.bss.interrupt_nest_count)
    key_state                                0x200004f4   Data           4  zf_device_key.o(.bss.key_state)
    [Anonymous Symbol]                       0x200004f4   Section        0  zf_device_key.o(.bss.key_state)
    mpu6050_iic_struct                       0x20000524   Data          16  zf_device_mpu6050.o(.bss.mpu6050_iic_struct)
    [Anonymous Symbol]                       0x20000524   Section        0  zf_device_mpu6050.o(.bss.mpu6050_iic_struct)
    numeric_callback                         0x20000534   Data           4  zf_device_bluetooth_hc04.o(.bss.numeric_callback)
    [Anonymous Symbol]                       0x20000534   Section        0  zf_device_bluetooth_hc04.o(.bss.numeric_callback)
    numeric_data                             0x20000538   Data          28  zf_device_bluetooth_hc04.o(.bss.numeric_data)
    [Anonymous Symbol]                       0x20000538   Section        0  zf_device_bluetooth_hc04.o(.bss.numeric_data)
    oled_display_dir                         0x20000554   Data           1  zf_device_oled.o(.bss.oled_display_dir)
    [Anonymous Symbol]                       0x20000554   Section        0  zf_device_oled.o(.bss.oled_display_dir)
    oled_display_font                        0x20000555   Data           1  zf_device_oled.o(.bss.oled_display_font)
    [Anonymous Symbol]                       0x20000555   Section        0  zf_device_oled.o(.bss.oled_display_font)
    parsing_frame                            0x2000055c   Data           1  zf_device_bluetooth_hc04.o(.bss.parsing_frame)
    [Anonymous Symbol]                       0x2000055c   Section        0  zf_device_bluetooth_hc04.o(.bss.parsing_frame)
    rx_callback                              0x20000564   Data           4  zf_device_bluetooth_hc04.o(.bss.rx_callback)
    [Anonymous Symbol]                       0x20000564   Section        0  zf_device_bluetooth_hc04.o(.bss.rx_callback)
    scanner_period                           0x20000568   Data           4  zf_device_key.o(.bss.scanner_period)
    [Anonymous Symbol]                       0x20000568   Section        0  zf_device_key.o(.bss.scanner_period)
    string_data                              0x20000614   Data         168  zf_device_bluetooth_hc04.o(.bss.string_data)
    [Anonymous Symbol]                       0x20000614   Section        0  zf_device_bluetooth_hc04.o(.bss.string_data)
    timer_function_state                     0x200006bc   Data           8  zf_driver_timer.o(.bss.timer_function_state)
    [Anonymous Symbol]                       0x200006bc   Section        0  zf_driver_timer.o(.bss.timer_function_state)
    timer_mode_state                         0x200006c4   Data           8  zf_driver_timer.o(.bss.timer_mode_state)
    [Anonymous Symbol]                       0x200006c4   Section        0  zf_driver_timer.o(.bss.timer_mode_state)
    tsl1401_init_state                       0x200008cd   Data           1  zf_device_tsl1401.o(.bss.tsl1401_init_state)
    [Anonymous Symbol]                       0x200008cd   Section        0  zf_device_tsl1401.o(.bss.tsl1401_init_state)
    uart_interrupt_state                     0x200008ce   Data           8  zf_driver_uart.o(.bss.uart_interrupt_state)
    [Anonymous Symbol]                       0x200008ce   Section        0  zf_driver_uart.o(.bss.uart_interrupt_state)
    zf_debug_init_flag                       0x200008d7   Data           1  zf_common_debug.o(.bss.zf_debug_init_flag)
    [Anonymous Symbol]                       0x200008d7   Section        0  zf_common_debug.o(.bss.zf_debug_init_flag)

    Global Symbols

    Symbol Name                              Value     Ov Type        Size  Object(Section)

    BuildAttributes$$THM_ISAv4$P$D$K$B$S$PE$A:L22UL41UL21$X:L11$S22US41US21$IEEE1$IW$~IW$USESV6$~STKCKD$USESV7$~SHL$OTIME$ROPI$IEEEX$EBA8$MICROLIB$REQ8$PRES8$EABIv2 0x00000000   Number         0  anon$$obj.o ABSOLUTE
    __cpp_initialize__aeabi_                  - Undefined Weak Reference
    __cxa_finalize                            - Undefined Weak Reference
    __decompress                              - Undefined Weak Reference
    _clock_init                               - Undefined Weak Reference
    _microlib_exit                            - Undefined Weak Reference
    __Vectors_Size                           0x00000190   Number         0  startup_mm32f3277g.o ABSOLUTE
    __Vectors                                0x08000000   Data           4  startup_mm32f3277g.o(RESET)
    __Vectors_End                            0x08000190   Data           0  startup_mm32f3277g.o(RESET)
    __main                                   0x08000401   Thumb Code     0  entry.o(.ARM.Collect$$$$00000000)
    _main_stk                                0x08000401   Thumb Code     0  entry4.o(.ARM.Collect$$$$00000003)
    _main_scatterload                        0x08000405   Thumb Code     0  entry5.o(.ARM.Collect$$$$00000004)
    __main_after_scatterload                 0x08000409   Thumb Code     0  entry5.o(.ARM.Collect$$$$00000004)
    _main_clock                              0x08000409   Thumb Code     0  entry7b.o(.ARM.Collect$$$$00000008)
    _main_cpp_init                           0x08000409   Thumb Code     0  entry8b.o(.ARM.Collect$$$$0000000A)
    _main_init                               0x08000409   Thumb Code     0  entry9a.o(.ARM.Collect$$$$0000000B)
    __rt_final_cpp                           0x08000411   Thumb Code     0  entry10a.o(.ARM.Collect$$$$0000000D)
    __rt_final_exit                          0x08000411   Thumb Code     0  entry11a.o(.ARM.Collect$$$$0000000F)
    Reset_Handler                            0x08000415   Thumb Code     8  startup_mm32f3277g.o(.text)
    NMI_Handler                              0x0800041d   Thumb Code     2  startup_mm32f3277g.o(.text)
    HardFault_Handler                        0x0800041f   Thumb Code     2  startup_mm32f3277g.o(.text)
    MemManage_Handler                        0x08000421   Thumb Code     2  startup_mm32f3277g.o(.text)
    BusFault_Handler                         0x08000423   Thumb Code     2  startup_mm32f3277g.o(.text)
    UsageFault_Handler                       0x08000425   Thumb Code     2  startup_mm32f3277g.o(.text)
    SVC_Handler                              0x08000427   Thumb Code     2  startup_mm32f3277g.o(.text)
    DebugMon_Handler                         0x08000429   Thumb Code     2  startup_mm32f3277g.o(.text)
    PendSV_Handler                           0x0800042b   Thumb Code     2  startup_mm32f3277g.o(.text)
    SysTick_Handler                          0x0800042d   Thumb Code     2  startup_mm32f3277g.o(.text)
    ADC1_2_IRQHandler                        0x0800042f   Thumb Code     0  startup_mm32f3277g.o(.text)
    ADC3_IRQHandler                          0x0800042f   Thumb Code     0  startup_mm32f3277g.o(.text)
    CAN1_RX_IRQHandler                       0x0800042f   Thumb Code     0  startup_mm32f3277g.o(.text)
    COMP1_2_IRQHandler                       0x0800042f   Thumb Code     0  startup_mm32f3277g.o(.text)
    ETH_IRQHandler                           0x0800042f   Thumb Code     0  startup_mm32f3277g.o(.text)
    FLASH_IRQHandler                         0x0800042f   Thumb Code     0  startup_mm32f3277g.o(.text)
    FlashCache_IRQHandler                    0x0800042f   Thumb Code     0  startup_mm32f3277g.o(.text)
    I2C1_IRQHandler                          0x0800042f   Thumb Code     0  startup_mm32f3277g.o(.text)
    I2C2_IRQHandler                          0x0800042f   Thumb Code     0  startup_mm32f3277g.o(.text)
    OTG_FS_IRQHandler                        0x0800042f   Thumb Code     0  startup_mm32f3277g.o(.text)
    OTG_FS_WKUP_IRQHandler                   0x0800042f   Thumb Code     0  startup_mm32f3277g.o(.text)
    PVD_IRQHandler                           0x0800042f   Thumb Code     0  startup_mm32f3277g.o(.text)
    RCC_CRS_IRQHandler                       0x0800042f   Thumb Code     0  startup_mm32f3277g.o(.text)
    RTCAlarm_IRQHandler                      0x0800042f   Thumb Code     0  startup_mm32f3277g.o(.text)
    RTC_IRQHandler                           0x0800042f   Thumb Code     0  startup_mm32f3277g.o(.text)
    SDIO_IRQHandler                          0x0800042f   Thumb Code     0  startup_mm32f3277g.o(.text)
    SPI1_IRQHandler                          0x0800042f   Thumb Code     0  startup_mm32f3277g.o(.text)
    SPI2_IRQHandler                          0x0800042f   Thumb Code     0  startup_mm32f3277g.o(.text)
    SPI3_IRQHandler                          0x0800042f   Thumb Code     0  startup_mm32f3277g.o(.text)
    TAMPER_IRQHandler                        0x0800042f   Thumb Code     0  startup_mm32f3277g.o(.text)
    TIM1_BRK_IRQHandler                      0x0800042f   Thumb Code     0  startup_mm32f3277g.o(.text)
    TIM1_CC_IRQHandler                       0x0800042f   Thumb Code     0  startup_mm32f3277g.o(.text)
    TIM1_TRG_COM_IRQHandler                  0x0800042f   Thumb Code     0  startup_mm32f3277g.o(.text)
    TIM8_BRK_IRQHandler                      0x0800042f   Thumb Code     0  startup_mm32f3277g.o(.text)
    TIM8_CC_IRQHandler                       0x0800042f   Thumb Code     0  startup_mm32f3277g.o(.text)
    TIM8_TRG_COM_IRQHandler                  0x0800042f   Thumb Code     0  startup_mm32f3277g.o(.text)
    WWDG_IRQHandler                          0x0800042f   Thumb Code     0  startup_mm32f3277g.o(.text)
    __rt_ctype_table                         0x08000439   Thumb Code     4  ctype_o.o(.text)
    tolower                                  0x08000441   Thumb Code    12  tolower.o(.text)
    ___aeabi_memcpy8$move                    0x0800044d   Thumb Code     0  memmovea.o(.text)
    __aeabi_memcpy                           0x0800044d   Thumb Code    64  memmovea.o(.text)
    __aeabi_memcpy4                          0x0800044d   Thumb Code     0  memmovea.o(.text)
    __aeabi_memmove                          0x0800044d   Thumb Code     0  memmovea.o(.text)
    __aeabi_memmove4                         0x0800044d   Thumb Code     0  memmovea.o(.text)
    __aeabi_memmove8                         0x0800044d   Thumb Code     0  memmovea.o(.text)
    __aeabi_memset                           0x0800048d   Thumb Code    14  memseta.o(.text)
    __aeabi_memset4                          0x0800048d   Thumb Code     0  memseta.o(.text)
    __aeabi_memset8                          0x0800048d   Thumb Code     0  memseta.o(.text)
    __aeabi_memclr                           0x0800049b   Thumb Code     4  memseta.o(.text)
    __aeabi_memclr4                          0x0800049b   Thumb Code     0  memseta.o(.text)
    __aeabi_memclr8                          0x0800049b   Thumb Code     0  memseta.o(.text)
    _memset$wrapper                          0x0800049f   Thumb Code    18  memseta.o(.text)
    strncpy                                  0x080004b1   Thumb Code    24  strncpy.o(.text)
    strlen                                   0x080004c9   Thumb Code    14  strlen.o(.text)
    strcpy                                   0x080004d7   Thumb Code    18  strcpy.o(.text)
    strncmp                                  0x080004e9   Thumb Code    30  strncmp.o(.text)
    strcasecmp                               0x08000507   Thumb Code    42  strcasecmp.o(.text)
    atoi                                     0x08000531   Thumb Code    26  atoi.o(.text)
    __aeabi_fadd                             0x0800054b   Thumb Code   164  fadd.o(.text)
    __aeabi_fsub                             0x080005ef   Thumb Code     6  fadd.o(.text)
    __aeabi_frsub                            0x080005f5   Thumb Code     6  fadd.o(.text)
    __aeabi_fmul                             0x080005fb   Thumb Code   100  fmul.o(.text)
    __aeabi_fdiv                             0x0800065f   Thumb Code   124  fdiv.o(.text)
    __aeabi_dadd                             0x080006db   Thumb Code   322  dadd.o(.text)
    __aeabi_dsub                             0x0800081d   Thumb Code     6  dadd.o(.text)
    __aeabi_drsub                            0x08000823   Thumb Code     6  dadd.o(.text)
    __aeabi_dmul                             0x08000829   Thumb Code   228  dmul.o(.text)
    __aeabi_ddiv                             0x0800090d   Thumb Code   222  ddiv.o(.text)
    __aeabi_i2f                              0x080009eb   Thumb Code    18  fflti.o(.text)
    __aeabi_ui2f                             0x080009fd   Thumb Code    10  ffltui.o(.text)
    __aeabi_i2d                              0x08000a07   Thumb Code    34  dflti.o(.text)
    __aeabi_f2iz                             0x08000a29   Thumb Code    50  ffixi.o(.text)
    __aeabi_d2iz                             0x08000a5b   Thumb Code    62  dfixi.o(.text)
    __aeabi_f2d                              0x08000a99   Thumb Code    38  f2d.o(.text)
    __aeabi_d2f                              0x08000abf   Thumb Code    56  d2f.o(.text)
    __aeabi_uidiv                            0x08000af7   Thumb Code     0  uidiv.o(.text)
    __aeabi_uidivmod                         0x08000af7   Thumb Code    44  uidiv.o(.text)
    __aeabi_uldivmod                         0x08000b23   Thumb Code    98  uldiv.o(.text)
    __aeabi_llsl                             0x08000b85   Thumb Code    30  llshl.o(.text)
    _ll_shift_l                              0x08000b85   Thumb Code     0  llshl.o(.text)
    __aeabi_llsr                             0x08000ba3   Thumb Code    32  llushr.o(.text)
    _ll_ushift_r                             0x08000ba3   Thumb Code     0  llushr.o(.text)
    __aeabi_lasr                             0x08000bc3   Thumb Code    36  llsshr.o(.text)
    _ll_sshift_r                             0x08000bc3   Thumb Code     0  llsshr.o(.text)
    strtol                                   0x08000be7   Thumb Code   112  strtol.o(.text)
    __I$use$fp                               0x08000c57   Thumb Code     0  iusefp.o(.text)
    _float_round                             0x08000c57   Thumb Code    18  fepilogue.o(.text)
    _float_epilogue                          0x08000c69   Thumb Code    92  fepilogue.o(.text)
    _double_round                            0x08000cc5   Thumb Code    30  depilogue.o(.text)
    _double_epilogue                         0x08000ce3   Thumb Code   156  depilogue.o(.text)
    __ARM_scalbn                             0x08000d7f   Thumb Code    46  dscalb.o(.text)
    scalbn                                   0x08000d7f   Thumb Code     0  dscalb.o(.text)
    __aeabi_d2ulz                            0x08000dad   Thumb Code    48  dfixul.o(.text)
    __aeabi_cdcmpeq                          0x08000ddd   Thumb Code     0  cdcmple.o(.text)
    __aeabi_cdcmple                          0x08000ddd   Thumb Code    48  cdcmple.o(.text)
    __aeabi_cdrcmple                         0x08000e0d   Thumb Code    48  cdrcmple.o(.text)
    __scatterload                            0x08000e3d   Thumb Code    38  init.o(.text)
    __scatterload_rt2                        0x08000e3d   Thumb Code     0  init.o(.text)
    _strtoul                                 0x08000e6d   Thumb Code   158  _strtoul.o(.text)
    _chval                                   0x08000f0b   Thumb Code    28  _chval.o(.text)
    DMA1_Channel1_IRQHandler                 0x08000f29   Thumb Code    32  isr.o(.text.DMA1_Channel1_IRQHandler)
    DMA1_Channel2_IRQHandler                 0x08000f49   Thumb Code    34  isr.o(.text.DMA1_Channel2_IRQHandler)
    DMA1_Channel3_IRQHandler                 0x08000f6d   Thumb Code    34  isr.o(.text.DMA1_Channel3_IRQHandler)
    DMA1_Channel4_IRQHandler                 0x08000f91   Thumb Code    48  isr.o(.text.DMA1_Channel4_IRQHandler)
    DMA1_Channel5_IRQHandler                 0x08000fc1   Thumb Code    34  isr.o(.text.DMA1_Channel5_IRQHandler)
    DMA1_Channel6_IRQHandler                 0x08000fe5   Thumb Code    34  isr.o(.text.DMA1_Channel6_IRQHandler)
    DMA1_Channel7_IRQHandler                 0x08001009   Thumb Code    34  isr.o(.text.DMA1_Channel7_IRQHandler)
    DMA2_Channel1_IRQHandler                 0x0800102d   Thumb Code    36  isr.o(.text.DMA2_Channel1_IRQHandler)
    DMA2_Channel2_IRQHandler                 0x08001051   Thumb Code    38  isr.o(.text.DMA2_Channel2_IRQHandler)
    DMA2_Channel3_IRQHandler                 0x08001079   Thumb Code    38  isr.o(.text.DMA2_Channel3_IRQHandler)
    DMA2_Channel4_IRQHandler                 0x080010a1   Thumb Code    38  isr.o(.text.DMA2_Channel4_IRQHandler)
    DMA2_Channel5_IRQHandler                 0x080010c9   Thumb Code    38  isr.o(.text.DMA2_Channel5_IRQHandler)
    EXTI0_IRQHandler                         0x080010f1   Thumb Code    18  isr.o(.text.EXTI0_IRQHandler)
    EXTI15_10_IRQHandler                     0x08001105   Thumb Code   228  isr.o(.text.EXTI15_10_IRQHandler)
    EXTI1_IRQHandler                         0x080011e9   Thumb Code    18  isr.o(.text.EXTI1_IRQHandler)
    EXTI2_IRQHandler                         0x080011fd   Thumb Code    18  isr.o(.text.EXTI2_IRQHandler)
    EXTI3_IRQHandler                         0x08001211   Thumb Code    18  isr.o(.text.EXTI3_IRQHandler)
    EXTI4_IRQHandler                         0x08001225   Thumb Code    24  isr.o(.text.EXTI4_IRQHandler)
    EXTI9_5_IRQHandler                       0x0800123d   Thumb Code   196  isr.o(.text.EXTI9_5_IRQHandler)
    PID                                      0x08001301   Thumb Code  1102  imu.o(.text.PID)
    SystemInit                               0x08001751   Thumb Code    16  system_mm32f3277g.o(.text.SystemInit)
    TIM1_UP_IRQHandler                       0x08001761   Thumb Code    24  isr.o(.text.TIM1_UP_IRQHandler)
    TIM2_IRQHandler                          0x08001779   Thumb Code    16  isr.o(.text.TIM2_IRQHandler)
    TIM3_IRQHandler                          0x08001789   Thumb Code    18  isr.o(.text.TIM3_IRQHandler)
    TIM4_IRQHandler                          0x0800179d   Thumb Code    18  isr.o(.text.TIM4_IRQHandler)
    TIM5_IRQHandler                          0x080017b1   Thumb Code    18  isr.o(.text.TIM5_IRQHandler)
    TIM6_IRQHandler                          0x080017c5   Thumb Code    18  isr.o(.text.TIM6_IRQHandler)
    TIM7_IRQHandler                          0x080017d9   Thumb Code    18  isr.o(.text.TIM7_IRQHandler)
    TIM8_UP_IRQHandler                       0x080017ed   Thumb Code    24  isr.o(.text.TIM8_UP_IRQHandler)
    UART1_IRQHandler                         0x08001805   Thumb Code    72  isr.o(.text.UART1_IRQHandler)
    UART2_IRQHandler                         0x0800184d   Thumb Code    78  isr.o(.text.UART2_IRQHandler)
    UART3_IRQHandler                         0x0800189d   Thumb Code    72  isr.o(.text.UART3_IRQHandler)
    UART4_IRQHandler                         0x080018e5   Thumb Code    72  isr.o(.text.UART4_IRQHandler)
    UART5_IRQHandler                         0x0800192d   Thumb Code    72  isr.o(.text.UART5_IRQHandler)
    UART6_IRQHandler                         0x08001975   Thumb Code    86  isr.o(.text.UART6_IRQHandler)
    UART7_IRQHandler                         0x080019cd   Thumb Code    72  isr.o(.text.UART7_IRQHandler)
    UART8_IRQHandler                         0x08001a15   Thumb Code    86  isr.o(.text.UART8_IRQHandler)
    adc_convert                              0x08001b11   Thumb Code   150  zf_driver_adc.o(.text.adc_convert)
    afio_init                                0x08001ba9   Thumb Code   384  zf_driver_gpio.o(.text.afio_init)
    bluetooth_hc04_get_all_strings           0x08001d29   Thumb Code   138  zf_device_bluetooth_hc04.o(.text.bluetooth_hc04_get_all_strings)
    bluetooth_hc04_init                      0x08001db5   Thumb Code   162  zf_device_bluetooth_hc04.o(.text.bluetooth_hc04_init)
    bluetooth_hc04_printf                    0x08001e59   Thumb Code    60  zf_device_bluetooth_hc04.o(.text.bluetooth_hc04_printf)
    bluetooth_hc04_send_buffer               0x08001e95   Thumb Code    46  zf_device_bluetooth_hc04.o(.text.bluetooth_hc04_send_buffer)
    bluetooth_hc04_string_callback           0x08001ec5   Thumb Code   106  main.o(.text.bluetooth_hc04_string_callback)
    bluetooth_hc04_string_to_int             0x08001f31   Thumb Code    44  zf_device_bluetooth_hc04.o(.text.bluetooth_hc04_string_to_int)
    bluetooth_hc04_uart_callback             0x08001f5d   Thumb Code   348  zf_device_bluetooth_hc04.o(.text.bluetooth_hc04_uart_callback)
    clock_init                               0x080020b9   Thumb Code    36  zf_common_clock.o(.text.clock_init)
    debug_assert_handler                     0x08002535   Thumb Code   108  zf_common_debug.o(.text.debug_assert_handler)
    debug_init                               0x080025e1   Thumb Code    50  zf_common_debug.o(.text.debug_init)
    debug_log_handler                        0x08002615   Thumb Code    66  zf_common_debug.o(.text.debug_log_handler)
    debug_output_init                        0x08002a09   Thumb Code    76  zf_common_debug.o(.text.debug_output_init)
    debug_output_struct_init                 0x08002a55   Thumb Code    48  zf_common_debug.o(.text.debug_output_struct_init)
    dl1a_get_distance                        0x08002b8d   Thumb Code   158  zf_device_dl1a.o(.text.dl1a_get_distance)
    dl1a_int_handler                         0x08002c2d   Thumb Code     8  zf_device_dl1a.o(.text.dl1a_int_handler)
    dm1xa_light_callback                     0x08002c35   Thumb Code    58  zf_device_dm1xa.o(.text.dm1xa_light_callback)
    dm1xa_sound_callback                     0x08002c71   Thumb Code   256  zf_device_dm1xa.o(.text.dm1xa_sound_callback)
    encoder_get_count                        0x08002d71   Thumb Code   222  zf_driver_encoder.o(.text.encoder_get_count)
    encoder_quad_init                        0x08002e51   Thumb Code   346  zf_driver_encoder.o(.text.encoder_quad_init)
    fifo_clear                               0x08002fad   Thumb Code   168  zf_common_fifo.o(.text.fifo_clear)
    fifo_init                                0x080030b5   Thumb Code   110  zf_common_fifo.o(.text.fifo_init)
    fifo_read_buffer                         0x08003125   Thumb Code   496  zf_common_fifo.o(.text.fifo_read_buffer)
    fifo_used                                0x08003315   Thumb Code    40  zf_common_fifo.o(.text.fifo_used)
    fifo_write_buffer                        0x0800333d   Thumb Code   506  zf_common_fifo.o(.text.fifo_write_buffer)
    fputc                                    0x08003539   Thumb Code    40  zf_common_debug.o(.text.fputc)
    func_get_greatest_common_divisor         0x08003561   Thumb Code    66  zf_common_function.o(.text.func_get_greatest_common_divisor)
    gpio_get_level                           0x080035a5   Thumb Code    46  zf_driver_gpio.o(.text.gpio_get_level)
    gpio_init                                0x080035d5   Thumb Code   488  zf_driver_gpio.o(.text.gpio_init)
    gpio_set_level                           0x080037bd   Thumb Code    98  zf_driver_gpio.o(.text.gpio_set_level)
    gps_uart_callback                        0x08003821   Thumb Code   314  zf_device_gps_tau1201.o(.text.gps_uart_callback)
    interrupt_disable                        0x0800395d   Thumb Code    20  zf_common_interrupt.o(.text.interrupt_disable)
    interrupt_enable                         0x08003971   Thumb Code    20  zf_common_interrupt.o(.text.interrupt_enable)
    interrupt_global_disable                 0x08003985   Thumb Code    36  zf_common_interrupt.o(.text.interrupt_global_disable)
    interrupt_init                           0x080039a9   Thumb Code    10  zf_common_interrupt.o(.text.interrupt_init)
    key_init                                 0x080039b5   Thumb Code   122  zf_device_key.o(.text.key_init)
    main                                     0x08003a31   Thumb Code   218  main.o(.text.main)
    mpu6050_acc_transition                   0x08003b0d   Thumb Code    36  zf_device_mpu6050.o(.text.mpu6050_acc_transition)
    mpu6050_get_acc                          0x08003b31   Thumb Code    94  zf_device_mpu6050.o(.text.mpu6050_get_acc)
    mpu6050_get_gyro                         0x08003b91   Thumb Code    94  zf_device_mpu6050.o(.text.mpu6050_get_gyro)
    mpu6050_gyro_transition                  0x08003bf1   Thumb Code    40  zf_device_mpu6050.o(.text.mpu6050_gyro_transition)
    mpu6050_init                             0x08003c19   Thumb Code   174  zf_device_mpu6050.o(.text.mpu6050_init)
    oled_clear                               0x08003d3d   Thumb Code   146  zf_device_oled.o(.text.oled_clear)
    oled_init                                0x08003e4d   Thumb Code   382  zf_device_oled.o(.text.oled_init)
    oled_set_dir                             0x08004035   Thumb Code    24  zf_device_oled.o(.text.oled_set_dir)
    oled_show_string                         0x0800404d   Thumb Code   528  zf_device_oled.o(.text.oled_show_string)
    pit_init                                 0x08004755   Thumb Code   306  zf_driver_pit.o(.text.pit_init)
    pwm_init                                 0x08004889   Thumb Code   598  zf_driver_pwm.o(.text.pwm_init)
    pwm_set_duty                             0x08004ae1   Thumb Code   302  zf_driver_pwm.o(.text.pwm_set_duty)
    set_wireless_type                        0x08004c11   Thumb Code    62  zf_device_type.o(.text.set_wireless_type)
    soft_iic_init                            0x08004c51   Thumb Code   142  zf_driver_soft_iic.o(.text.soft_iic_init)
    soft_iic_read_8bit_register              0x08004ce1   Thumb Code   114  zf_driver_soft_iic.o(.text.soft_iic_read_8bit_register)
    soft_iic_read_8bit_registers             0x08004d55   Thumb Code   152  zf_driver_soft_iic.o(.text.soft_iic_read_8bit_registers)
    soft_iic_write_8bit_register             0x08005445   Thumb Code    86  zf_driver_soft_iic.o(.text.soft_iic_write_8bit_register)
    spi_init                                 0x0800549d   Thumb Code   870  zf_driver_spi.o(.text.spi_init)
    spi_write_8bit                           0x08005805   Thumb Code   134  zf_driver_spi.o(.text.spi_write_8bit)
    system_delay_ms                          0x0800588d   Thumb Code   154  zf_driver_delay.o(.text.system_delay_ms)
    timer_clear                              0x08005929   Thumb Code   178  zf_driver_timer.o(.text.timer_clear)
    timer_clock_enable                       0x080059dd   Thumb Code   182  zf_driver_timer.o(.text.timer_clock_enable)
    timer_funciton_check                     0x08005a95   Thumb Code   104  zf_driver_timer.o(.text.timer_funciton_check)
    timer_get                                0x08005afd   Thumb Code   182  zf_driver_timer.o(.text.timer_get)
    tsl1401_collect_pit_handler              0x08005cbd   Thumb Code   224  zf_device_tsl1401.o(.text.tsl1401_collect_pit_handler)
    uart_init                                0x08005da1   Thumb Code   652  zf_driver_uart.o(.text.uart_init)
    uart_query_byte                          0x0800602d   Thumb Code   102  zf_driver_uart.o(.text.uart_query_byte)
    uart_rx_interrupt                        0x08006095   Thumb Code   160  zf_driver_uart.o(.text.uart_rx_interrupt)
    uart_write_buffer                        0x08006135   Thumb Code   108  zf_driver_uart.o(.text.uart_write_buffer)
    uart_write_byte                          0x080061a1   Thumb Code    64  zf_driver_uart.o(.text.uart_write_byte)
    uart_write_string                        0x080061e1   Thumb Code    64  zf_driver_uart.o(.text.uart_write_string)
    ztjs                                     0x08006221   Thumb Code   414  imu.o(.text.ztjs)
    __0printf                                0x080063c1   Thumb Code    22  printfa.o(i.__0printf)
    __1printf                                0x080063c1   Thumb Code     0  printfa.o(i.__0printf)
    __2printf                                0x080063c1   Thumb Code     0  printfa.o(i.__0printf)
    __c89printf                              0x080063c1   Thumb Code     0  printfa.o(i.__0printf)
    printf                                   0x080063c1   Thumb Code     0  printfa.o(i.__0printf)
    __0sprintf                               0x080063e1   Thumb Code    34  printfa.o(i.__0sprintf)
    __1sprintf                               0x080063e1   Thumb Code     0  printfa.o(i.__0sprintf)
    __2sprintf                               0x080063e1   Thumb Code     0  printfa.o(i.__0sprintf)
    __c89sprintf                             0x080063e1   Thumb Code     0  printfa.o(i.__0sprintf)
    sprintf                                  0x080063e1   Thumb Code     0  printfa.o(i.__0sprintf)
    __0vsprintf                              0x08006409   Thumb Code    30  printfa.o(i.__0vsprintf)
    __1vsprintf                              0x08006409   Thumb Code     0  printfa.o(i.__0vsprintf)
    __2vsprintf                              0x08006409   Thumb Code     0  printfa.o(i.__0vsprintf)
    __c89vsprintf                            0x08006409   Thumb Code     0  printfa.o(i.__0vsprintf)
    vsprintf                                 0x08006409   Thumb Code     0  printfa.o(i.__0vsprintf)
    __ARM_fpclassify                         0x0800642d   Thumb Code    40  fpclassify.o(i.__ARM_fpclassify)
    __aeabi_errno_addr                       0x08006455   Thumb Code     4  errno.o(i.__aeabi_errno_addr)
    __rt_errno_addr                          0x08006455   Thumb Code     0  errno.o(i.__aeabi_errno_addr)
    __kernel_poly                            0x0800645d   Thumb Code   170  poly.o(i.__kernel_poly)
    __mathlib_dbl_infnan                     0x08006507   Thumb Code     6  dunder.o(i.__mathlib_dbl_infnan)
    __mathlib_dbl_infnan2                    0x0800650d   Thumb Code     4  dunder.o(i.__mathlib_dbl_infnan2)
    __mathlib_dbl_underflow                  0x08006511   Thumb Code    10  dunder.o(i.__mathlib_dbl_underflow)
    __scatterload_copy                       0x08006521   Thumb Code    14  handlers.o(i.__scatterload_copy)
    __scatterload_null                       0x0800652f   Thumb Code     2  handlers.o(i.__scatterload_null)
    __scatterload_zeroinit                   0x08006531   Thumb Code    14  handlers.o(i.__scatterload_zeroinit)
    __set_errno                              0x08006541   Thumb Code     6  errno.o(i.__set_errno)
    atan                                     0x08006e09   Thumb Code   474  atan.o(i.atan)
    atan2                                    0x08007029   Thumb Code   374  atan2.o(i.atan2)
    __ctype_table                            0x080071c4   Data         129  ctype_o.o(.constdata)
    __mathlib_zero                           0x080072e8   Data           8  qnan.o(.constdata)
    ascii_font_6x8                           0x0800739c   Data         552  zf_common_font.o(.rodata.ascii_font_6x8)
    ascii_font_8x16                          0x080075c4   Data        1520  zf_common_font.o(.rodata.ascii_font_8x16)
    Region$$Table$$Base                      0x08007fac   Number         0  anon$$obj.o(Region$$Table)
    Region$$Table$$Limit                     0x08007fcc   Number         0  anon$$obj.o(Region$$Table)
    __stdout                                 0x20000000   Data           4  stdout.o(.data)
    Alpha                                    0x20000008   Data           4  imu.o(.data.Alpha)
    camera_dma_handler                       0x20000014   Data           4  zf_device_type.o(.data.camera_dma_handler)
    camera_uart_handler                      0x20000018   Data           4  zf_device_type.o(.data.camera_uart_handler)
    camera_vsync_handler                     0x2000001c   Data           4  zf_device_type.o(.data.camera_vsync_handler)
    dl1a_distance_mm                         0x20000020   Data           2  zf_device_dl1a.o(.data.dl1a_distance_mm)
    gpio_group                               0x20000030   Data          32  zf_driver_gpio.o(.data.gpio_group)
    system_clock                             0x20000058   Data           4  zf_common_clock.o(.data.system_clock)
    wireless_module_uart_handler             0x20000084   Data           4  zf_device_type.o(.data.wireless_module_uart_handler)
    Angle                                    0x2000008c   Data           4  imu.o(.bss.Angle)
    AngleAcc                                 0x20000090   Data           4  imu.o(.bss.AngleAcc)
    AngleGyro                                0x20000094   Data           4  imu.o(.bss.AngleGyro)
    AvePWM                                   0x20000098   Data           2  imu.o(.bss.AvePWM)
    AveSpeed                                 0x2000009c   Data           4  imu.o(.bss.AveSpeed)
    DifPWM                                   0x200000a0   Data           2  imu.o(.bss.DifPWM)
    DifSpeed                                 0x200000a4   Data           4  imu.o(.bss.DifSpeed)
    Error0                                   0x200000a8   Data           4  imu.o(.bss.Error0)
    Error01                                  0x200000ac   Data           4  imu.o(.bss.Error01)
    Error02                                  0x200000b0   Data           4  imu.o(.bss.Error02)
    Error1                                   0x200000b4   Data           4  imu.o(.bss.Error1)
    Error11                                  0x200000b8   Data           4  imu.o(.bss.Error11)
    Error12                                  0x200000bc   Data           4  imu.o(.bss.Error12)
    ErrorInt                                 0x200000c0   Data           4  imu.o(.bss.ErrorInt)
    ErrorInt1                                0x200000c4   Data           4  imu.o(.bss.ErrorInt1)
    ErrorInt2                                0x200000c8   Data           4  imu.o(.bss.ErrorInt2)
    Target                                   0x200000cc   Data           4  imu.o(.bss.Target)
    actualAngle                              0x200000d0   Data           4  imu.o(.bss.actualAngle)
    actualSpeed                              0x200000d4   Data           4  imu.o(.bss.actualSpeed)
    actualTurn                               0x200000d8   Data           4  imu.o(.bss.actualTurn)
    data_acc_x                               0x200002f8   Data           4  imu.o(.bss.data_acc_x)
    data_acc_y                               0x200002fc   Data           4  imu.o(.bss.data_acc_y)
    data_acc_z                               0x20000300   Data           4  imu.o(.bss.data_acc_z)
    data_gyro_x                              0x20000304   Data           4  imu.o(.bss.data_gyro_x)
    data_gyro_y                              0x20000308   Data           4  imu.o(.bss.data_gyro_y)
    data_gyro_z                              0x2000030c   Data           4  imu.o(.bss.data_gyro_z)
    dl1a_finsh_flag                          0x20000328   Data           1  zf_device_dl1a.o(.bss.dl1a_finsh_flag)
    gps_gga_state                            0x20000444   Data           1  zf_device_gps_tau1201.o(.bss.gps_gga_state)
    gps_rmc_state                            0x200004c5   Data           1  zf_device_gps_tau1201.o(.bss.gps_rmc_state)
    gps_tau1201_flag                         0x200004c6   Data           1  zf_device_gps_tau1201.o(.bss.gps_tau1201_flag)
    kd1                                      0x200004e8   Data           4  imu.o(.bss.kd1)
    kd2                                      0x200004ec   Data           4  imu.o(.bss.kd2)
    kd3                                      0x200004f0   Data           4  imu.o(.bss.kd3)
    ki1                                      0x200004f8   Data           4  imu.o(.bss.ki1)
    ki2                                      0x200004fc   Data           4  imu.o(.bss.ki2)
    ki3                                      0x20000500   Data           4  imu.o(.bss.ki3)
    kp1                                      0x20000504   Data           4  imu.o(.bss.kp1)
    kp2                                      0x20000508   Data           4  imu.o(.bss.kp2)
    kp3                                      0x2000050c   Data           4  imu.o(.bss.kp3)
    leftPWM                                  0x20000510   Data           2  imu.o(.bss.leftPWM)
    leftSpeed                                0x20000514   Data           4  imu.o(.bss.leftSpeed)
    mpu6050_acc_x                            0x20000518   Data           2  zf_device_mpu6050.o(.bss.mpu6050_acc_x)
    mpu6050_acc_y                            0x2000051a   Data           2  zf_device_mpu6050.o(.bss.mpu6050_acc_y)
    mpu6050_acc_z                            0x2000051c   Data           2  zf_device_mpu6050.o(.bss.mpu6050_acc_z)
    mpu6050_gyro_x                           0x2000051e   Data           2  zf_device_mpu6050.o(.bss.mpu6050_gyro_x)
    mpu6050_gyro_y                           0x20000520   Data           2  zf_device_mpu6050.o(.bss.mpu6050_gyro_y)
    mpu6050_gyro_z                           0x20000522   Data           2  zf_device_mpu6050.o(.bss.mpu6050_gyro_z)
    out                                      0x20000558   Data           4  imu.o(.bss.out)
    rightPWM                                 0x2000055e   Data           2  imu.o(.bss.rightPWM)
    rightSpeed                               0x20000560   Data           4  imu.o(.bss.rightSpeed)
    string_data                              0x2000056c   Data         168  main.o(.bss.string_data)
    tsl1401_data                             0x200006cc   Data         512  zf_device_tsl1401.o(.bss.tsl1401_data)
    tsl1401_finish_flag                      0x200008cc   Data           1  zf_device_tsl1401.o(.bss.tsl1401_finish_flag)
    wireless_type                            0x200008d6   Data           1  zf_device_type.o(.bss.wireless_type)
    Image$$ARM_LIB_STACK$$ZI$$Limit          0x20020000   Number         0  anon$$obj.o ABSOLUTE



==============================================================================

Memory Map of the image

  Image Entry point : 0x08000401

  Load Region LR_m_text (Base: 0x08000000, Size: 0x00008058, Max: 0x00080000, ABSOLUTE)

    Execution Region VECTOR_ROM (Exec base: 0x08000000, Load base: 0x08000000, Size: 0x00000190, Max: 0x00000400, ABSOLUTE)

    Exec Addr    Load Addr    Size         Type   Attr      Idx    E Section Name        Object

    0x08000000   0x08000000   0x00000190   Data   RO         1661    RESET               startup_mm32f3277g.o


    Execution Region ER_m_text (Exec base: 0x08000400, Load base: 0x08000400, Size: 0x00007bcc, Max: 0x0007fc00, ABSOLUTE, FIXED)

    Exec Addr    Load Addr    Size         Type   Attr      Idx    E Section Name        Object

    0x08000400   0x08000400   0x00000000   Code   RO         2641  * .ARM.Collect$$$$00000000  mc_w.l(entry.o)
    0x08000400   0x08000400   0x00000004   Code   RO         2809    .ARM.Collect$$$$00000003  mc_w.l(entry4.o)
    0x08000404   0x08000404   0x00000004   Code   RO         2812    .ARM.Collect$$$$00000004  mc_w.l(entry5.o)
    0x08000408   0x08000408   0x00000000   Code   RO         2814    .ARM.Collect$$$$00000008  mc_w.l(entry7b.o)
    0x08000408   0x08000408   0x00000000   Code   RO         2816    .ARM.Collect$$$$0000000A  mc_w.l(entry8b.o)
    0x08000408   0x08000408   0x00000008   Code   RO         2817    .ARM.Collect$$$$0000000B  mc_w.l(entry9a.o)
    0x08000410   0x08000410   0x00000000   Code   RO         2819    .ARM.Collect$$$$0000000D  mc_w.l(entry10a.o)
    0x08000410   0x08000410   0x00000000   Code   RO         2821    .ARM.Collect$$$$0000000F  mc_w.l(entry11a.o)
    0x08000410   0x08000410   0x00000004   Code   RO         2810    .ARM.Collect$$$$00002714  mc_w.l(entry4.o)
    0x08000414   0x08000414   0x00000024   Code   RO         1662    .text               startup_mm32f3277g.o
    0x08000438   0x08000438   0x00000008   Code   RO         2644    .text               mc_w.l(ctype_o.o)
    0x08000440   0x08000440   0x0000000c   Code   RO         2672    .text               mc_w.l(tolower.o)
    0x0800044c   0x0800044c   0x00000040   Code   RO         2676    .text               mc_w.l(memmovea.o)
    0x0800048c   0x0800048c   0x00000024   Code   RO         2678    .text               mc_w.l(memseta.o)
    0x080004b0   0x080004b0   0x00000018   Code   RO         2682    .text               mc_w.l(strncpy.o)
    0x080004c8   0x080004c8   0x0000000e   Code   RO         2686    .text               mc_w.l(strlen.o)
    0x080004d6   0x080004d6   0x00000012   Code   RO         2692    .text               mc_w.l(strcpy.o)
    0x080004e8   0x080004e8   0x0000001e   Code   RO         2694    .text               mc_w.l(strncmp.o)
    0x08000506   0x08000506   0x0000002a   Code   RO         2702    .text               mc_w.l(strcasecmp.o)
    0x08000530   0x08000530   0x0000001a   Code   RO         2732    .text               mc_w.l(atoi.o)
    0x0800054a   0x0800054a   0x000000b0   Code   RO         2734    .text               mf_w.l(fadd.o)
    0x080005fa   0x080005fa   0x00000064   Code   RO         2736    .text               mf_w.l(fmul.o)
    0x0800065e   0x0800065e   0x0000007c   Code   RO         2738    .text               mf_w.l(fdiv.o)
    0x080006da   0x080006da   0x0000014e   Code   RO         2740    .text               mf_w.l(dadd.o)
    0x08000828   0x08000828   0x000000e4   Code   RO         2742    .text               mf_w.l(dmul.o)
    0x0800090c   0x0800090c   0x000000de   Code   RO         2744    .text               mf_w.l(ddiv.o)
    0x080009ea   0x080009ea   0x00000012   Code   RO         2756    .text               mf_w.l(fflti.o)
    0x080009fc   0x080009fc   0x0000000a   Code   RO         2758    .text               mf_w.l(ffltui.o)
    0x08000a06   0x08000a06   0x00000022   Code   RO         2760    .text               mf_w.l(dflti.o)
    0x08000a28   0x08000a28   0x00000032   Code   RO         2764    .text               mf_w.l(ffixi.o)
    0x08000a5a   0x08000a5a   0x0000003e   Code   RO         2766    .text               mf_w.l(dfixi.o)
    0x08000a98   0x08000a98   0x00000026   Code   RO         2770    .text               mf_w.l(f2d.o)
    0x08000abe   0x08000abe   0x00000038   Code   RO         2772    .text               mf_w.l(d2f.o)
    0x08000af6   0x08000af6   0x0000002c   Code   RO         2833    .text               mc_w.l(uidiv.o)
    0x08000b22   0x08000b22   0x00000062   Code   RO         2835    .text               mc_w.l(uldiv.o)
    0x08000b84   0x08000b84   0x0000001e   Code   RO         2837    .text               mc_w.l(llshl.o)
    0x08000ba2   0x08000ba2   0x00000020   Code   RO         2839    .text               mc_w.l(llushr.o)
    0x08000bc2   0x08000bc2   0x00000024   Code   RO         2841    .text               mc_w.l(llsshr.o)
    0x08000be6   0x08000be6   0x00000070   Code   RO         2850    .text               mc_w.l(strtol.o)
    0x08000c56   0x08000c56   0x00000000   Code   RO         2852    .text               mc_w.l(iusefp.o)
    0x08000c56   0x08000c56   0x0000006e   Code   RO         2853    .text               mf_w.l(fepilogue.o)
    0x08000cc4   0x08000cc4   0x000000ba   Code   RO         2855    .text               mf_w.l(depilogue.o)
    0x08000d7e   0x08000d7e   0x0000002e   Code   RO         2857    .text               mf_w.l(dscalb.o)
    0x08000dac   0x08000dac   0x00000030   Code   RO         2861    .text               mf_w.l(dfixul.o)
    0x08000ddc   0x08000ddc   0x00000030   Code   RO         2863    .text               mf_w.l(cdcmple.o)
    0x08000e0c   0x08000e0c   0x00000030   Code   RO         2865    .text               mf_w.l(cdrcmple.o)
    0x08000e3c   0x08000e3c   0x00000030   Code   RO         2867    .text               mc_w.l(init.o)
    0x08000e6c   0x08000e6c   0x0000009e   Code   RO         2869    .text               mc_w.l(_strtoul.o)
    0x08000f0a   0x08000f0a   0x0000001c   Code   RO         2871    .text               mc_w.l(_chval.o)
    0x08000f26   0x08000f26   0x00000002   PAD
    0x08000f28   0x08000f28   0x00000020   Code   RO           50    .text.DMA1_Channel1_IRQHandler  isr.o
    0x08000f48   0x08000f48   0x00000022   Code   RO           52    .text.DMA1_Channel2_IRQHandler  isr.o
    0x08000f6a   0x08000f6a   0x00000002   PAD
    0x08000f6c   0x08000f6c   0x00000022   Code   RO           54    .text.DMA1_Channel3_IRQHandler  isr.o
    0x08000f8e   0x08000f8e   0x00000002   PAD
    0x08000f90   0x08000f90   0x00000030   Code   RO           56    .text.DMA1_Channel4_IRQHandler  isr.o
    0x08000fc0   0x08000fc0   0x00000022   Code   RO           58    .text.DMA1_Channel5_IRQHandler  isr.o
    0x08000fe2   0x08000fe2   0x00000002   PAD
    0x08000fe4   0x08000fe4   0x00000022   Code   RO           60    .text.DMA1_Channel6_IRQHandler  isr.o
    0x08001006   0x08001006   0x00000002   PAD
    0x08001008   0x08001008   0x00000022   Code   RO           62    .text.DMA1_Channel7_IRQHandler  isr.o
    0x0800102a   0x0800102a   0x00000002   PAD
    0x0800102c   0x0800102c   0x00000024   Code   RO           64    .text.DMA2_Channel1_IRQHandler  isr.o
    0x08001050   0x08001050   0x00000026   Code   RO           66    .text.DMA2_Channel2_IRQHandler  isr.o
    0x08001076   0x08001076   0x00000002   PAD
    0x08001078   0x08001078   0x00000026   Code   RO           68    .text.DMA2_Channel3_IRQHandler  isr.o
    0x0800109e   0x0800109e   0x00000002   PAD
    0x080010a0   0x080010a0   0x00000026   Code   RO           70    .text.DMA2_Channel4_IRQHandler  isr.o
    0x080010c6   0x080010c6   0x00000002   PAD
    0x080010c8   0x080010c8   0x00000026   Code   RO           72    .text.DMA2_Channel5_IRQHandler  isr.o
    0x080010ee   0x080010ee   0x00000002   PAD
    0x080010f0   0x080010f0   0x00000012   Code   RO           36    .text.EXTI0_IRQHandler  isr.o
    0x08001102   0x08001102   0x00000002   PAD
    0x08001104   0x08001104   0x000000e4   Code   RO           48    .text.EXTI15_10_IRQHandler  isr.o
    0x080011e8   0x080011e8   0x00000012   Code   RO           38    .text.EXTI1_IRQHandler  isr.o
    0x080011fa   0x080011fa   0x00000002   PAD
    0x080011fc   0x080011fc   0x00000012   Code   RO           40    .text.EXTI2_IRQHandler  isr.o
    0x0800120e   0x0800120e   0x00000002   PAD
    0x08001210   0x08001210   0x00000012   Code   RO           42    .text.EXTI3_IRQHandler  isr.o
    0x08001222   0x08001222   0x00000002   PAD
    0x08001224   0x08001224   0x00000018   Code   RO           44    .text.EXTI4_IRQHandler  isr.o
    0x0800123c   0x0800123c   0x000000c4   Code   RO           46    .text.EXTI9_5_IRQHandler  isr.o
    0x08001300   0x08001300   0x0000044e   Code   RO           98    .text.PID           imu.o
    0x0800174e   0x0800174e   0x00000002   PAD
    0x08001750   0x08001750   0x00000010   Code   RO         1654    .text.SystemInit    system_mm32f3277g.o
    0x08001760   0x08001760   0x00000018   Code   RO            4    .text.TIM1_UP_IRQHandler  isr.o
    0x08001778   0x08001778   0x00000010   Code   RO            6    .text.TIM2_IRQHandler  isr.o
    0x08001788   0x08001788   0x00000012   Code   RO            8    .text.TIM3_IRQHandler  isr.o
    0x0800179a   0x0800179a   0x00000002   PAD
    0x0800179c   0x0800179c   0x00000012   Code   RO           10    .text.TIM4_IRQHandler  isr.o
    0x080017ae   0x080017ae   0x00000002   PAD
    0x080017b0   0x080017b0   0x00000012   Code   RO           12    .text.TIM5_IRQHandler  isr.o
    0x080017c2   0x080017c2   0x00000002   PAD
    0x080017c4   0x080017c4   0x00000012   Code   RO           14    .text.TIM6_IRQHandler  isr.o
    0x080017d6   0x080017d6   0x00000002   PAD
    0x080017d8   0x080017d8   0x00000012   Code   RO           16    .text.TIM7_IRQHandler  isr.o
    0x080017ea   0x080017ea   0x00000002   PAD
    0x080017ec   0x080017ec   0x00000018   Code   RO           18    .text.TIM8_UP_IRQHandler  isr.o
    0x08001804   0x08001804   0x00000048   Code   RO           20    .text.UART1_IRQHandler  isr.o
    0x0800184c   0x0800184c   0x0000004e   Code   RO           22    .text.UART2_IRQHandler  isr.o
    0x0800189a   0x0800189a   0x00000002   PAD
    0x0800189c   0x0800189c   0x00000048   Code   RO           24    .text.UART3_IRQHandler  isr.o
    0x080018e4   0x080018e4   0x00000048   Code   RO           26    .text.UART4_IRQHandler  isr.o
    0x0800192c   0x0800192c   0x00000048   Code   RO           28    .text.UART5_IRQHandler  isr.o
    0x08001974   0x08001974   0x00000056   Code   RO           30    .text.UART6_IRQHandler  isr.o
    0x080019ca   0x080019ca   0x00000002   PAD
    0x080019cc   0x080019cc   0x00000048   Code   RO           32    .text.UART7_IRQHandler  isr.o
    0x08001a14   0x08001a14   0x00000056   Code   RO           34    .text.UART8_IRQHandler  isr.o
    0x08001a6a   0x08001a6a   0x00000002   PAD
    0x08001a6c   0x08001a6c   0x00000038   Code   RO          319    .text.__NVIC_DisableIRQ  zf_common_interrupt.o
    0x08001aa4   0x08001aa4   0x00000030   Code   RO          315    .text.__NVIC_EnableIRQ  zf_common_interrupt.o
    0x08001ad4   0x08001ad4   0x0000003c   Code   RO          327    .text.__NVIC_SetPriorityGrouping  zf_common_interrupt.o
    0x08001b10   0x08001b10   0x00000096   Code   RO          337    .text.adc_convert   zf_driver_adc.o
    0x08001ba6   0x08001ba6   0x00000002   PAD
    0x08001ba8   0x08001ba8   0x00000180   Code   RO          444    .text.afio_init     zf_driver_gpio.o
    0x08001d28   0x08001d28   0x0000008a   Code   RO         1597    .text.bluetooth_hc04_get_all_strings  zf_device_bluetooth_hc04.o
    0x08001db2   0x08001db2   0x00000002   PAD
    0x08001db4   0x08001db4   0x000000a2   Code   RO         1581    .text.bluetooth_hc04_init  zf_device_bluetooth_hc04.o
    0x08001e56   0x08001e56   0x00000002   PAD
    0x08001e58   0x08001e58   0x0000003c   Code   RO         1615    .text.bluetooth_hc04_printf  zf_device_bluetooth_hc04.o
    0x08001e94   0x08001e94   0x0000002e   Code   RO         1567    .text.bluetooth_hc04_send_buffer  zf_device_bluetooth_hc04.o
    0x08001ec2   0x08001ec2   0x00000002   PAD
    0x08001ec4   0x08001ec4   0x0000006a   Code   RO           81    .text.bluetooth_hc04_string_callback  main.o
    0x08001f2e   0x08001f2e   0x00000002   PAD
    0x08001f30   0x08001f30   0x0000002c   Code   RO         1601    .text.bluetooth_hc04_string_to_int  zf_device_bluetooth_hc04.o
    0x08001f5c   0x08001f5c   0x0000015c   Code   RO         1575    .text.bluetooth_hc04_uart_callback  zf_device_bluetooth_hc04.o
    0x080020b8   0x080020b8   0x00000024   Code   RO          177    .text.clock_init    zf_common_clock.o
    0x080020dc   0x080020dc   0x00000098   Code   RO          179    .text.clock_reset   zf_common_clock.o
    0x08002174   0x08002174   0x00000260   Code   RO          181    .text.clock_set_freq  zf_common_clock.o
    0x080023d4   0x080023d4   0x0000015e   Code   RO         1579    .text.convert_string_to_numeric  zf_device_bluetooth_hc04.o
    0x08002532   0x08002532   0x00000002   PAD
    0x08002534   0x08002534   0x0000006c   Code   RO          199    .text.debug_assert_handler  zf_common_debug.o
    0x080025a0   0x080025a0   0x00000040   Code   RO          205    .text.debug_delay   zf_common_debug.o
    0x080025e0   0x080025e0   0x00000032   Code   RO          213    .text.debug_init    zf_common_debug.o
    0x08002612   0x08002612   0x00000002   PAD
    0x08002614   0x08002614   0x00000042   Code   RO          207    .text.debug_log_handler  zf_common_debug.o
    0x08002656   0x08002656   0x00000002   PAD
    0x08002658   0x08002658   0x000003ae   Code   RO          203    .text.debug_output  zf_common_debug.o
    0x08002a06   0x08002a06   0x00000002   PAD
    0x08002a08   0x08002a08   0x0000004c   Code   RO          211    .text.debug_output_init  zf_common_debug.o
    0x08002a54   0x08002a54   0x00000030   Code   RO          209    .text.debug_output_struct_init  zf_common_debug.o
    0x08002a84   0x08002a84   0x000000f2   Code   RO          201    .text.debug_protective_handler  zf_common_debug.o
    0x08002b76   0x08002b76   0x00000002   PAD
    0x08002b78   0x08002b78   0x00000012   Code   RO          215    .text.debug_uart_str_output  zf_common_debug.o
    0x08002b8a   0x08002b8a   0x00000002   PAD
    0x08002b8c   0x08002b8c   0x0000009e   Code   RO          816    .text.dl1a_get_distance  zf_device_dl1a.o
    0x08002c2a   0x08002c2a   0x00000002   PAD
    0x08002c2c   0x08002c2c   0x00000008   Code   RO          818    .text.dl1a_int_handler  zf_device_dl1a.o
    0x08002c34   0x08002c34   0x0000003a   Code   RO          859    .text.dm1xa_light_callback  zf_device_dm1xa.o
    0x08002c6e   0x08002c6e   0x00000002   PAD
    0x08002c70   0x08002c70   0x00000100   Code   RO          857    .text.dm1xa_sound_callback  zf_device_dm1xa.o
    0x08002d70   0x08002d70   0x000000de   Code   RO          381    .text.encoder_get_count  zf_driver_encoder.o
    0x08002e4e   0x08002e4e   0x00000002   PAD
    0x08002e50   0x08002e50   0x0000015a   Code   RO          385    .text.encoder_quad_init  zf_driver_encoder.o
    0x08002faa   0x08002faa   0x00000002   PAD
    0x08002fac   0x08002fac   0x000000a8   Code   RO          230    .text.fifo_clear    zf_common_fifo.o
    0x08003054   0x08003054   0x0000002e   Code   RO          242    .text.fifo_end_offset  zf_common_fifo.o
    0x08003082   0x08003082   0x00000002   PAD
    0x08003084   0x08003084   0x0000002e   Code   RO          236    .text.fifo_head_offset  zf_common_fifo.o
    0x080030b2   0x080030b2   0x00000002   PAD
    0x080030b4   0x080030b4   0x0000006e   Code   RO          248    .text.fifo_init     zf_common_fifo.o
    0x08003122   0x08003122   0x00000002   PAD
    0x08003124   0x08003124   0x000001f0   Code   RO          244    .text.fifo_read_buffer  zf_common_fifo.o
    0x08003314   0x08003314   0x00000028   Code   RO          232    .text.fifo_used     zf_common_fifo.o
    0x0800333c   0x0800333c   0x000001fa   Code   RO          238    .text.fifo_write_buffer  zf_common_fifo.o
    0x08003536   0x08003536   0x00000002   PAD
    0x08003538   0x08003538   0x00000028   Code   RO          191    .text.fputc         zf_common_debug.o
    0x08003560   0x08003560   0x00000042   Code   RO          270    .text.func_get_greatest_common_divisor  zf_common_function.o
    0x080035a2   0x080035a2   0x00000002   PAD
    0x080035a4   0x080035a4   0x0000002e   Code   RO          436    .text.gpio_get_level  zf_driver_gpio.o
    0x080035d2   0x080035d2   0x00000002   PAD
    0x080035d4   0x080035d4   0x000001e8   Code   RO          442    .text.gpio_init     zf_driver_gpio.o
    0x080037bc   0x080037bc   0x00000062   Code   RO          434    .text.gpio_set_level  zf_driver_gpio.o
    0x0800381e   0x0800381e   0x00000002   PAD
    0x08003820   0x08003820   0x0000013a   Code   RO          888    .text.gps_uart_callback  zf_device_gps_tau1201.o
    0x0800395a   0x0800395a   0x00000002   PAD
    0x0800395c   0x0800395c   0x00000014   Code   RO          317    .text.interrupt_disable  zf_common_interrupt.o
    0x08003970   0x08003970   0x00000014   Code   RO          313    .text.interrupt_enable  zf_common_interrupt.o
    0x08003984   0x08003984   0x00000024   Code   RO          311    .text.interrupt_global_disable  zf_common_interrupt.o
    0x080039a8   0x080039a8   0x0000000a   Code   RO          325    .text.interrupt_init  zf_common_interrupt.o
    0x080039b2   0x080039b2   0x00000002   PAD
    0x080039b4   0x080039b4   0x0000007a   Code   RO         1162    .text.key_init      zf_device_key.o
    0x08003a2e   0x08003a2e   0x00000002   PAD
    0x08003a30   0x08003a30   0x000000da   Code   RO           83    .text.main          main.o
    0x08003b0a   0x08003b0a   0x00000002   PAD
    0x08003b0c   0x08003b0c   0x00000024   Code   RO         1180    .text.mpu6050_acc_transition  zf_device_mpu6050.o
    0x08003b30   0x08003b30   0x0000005e   Code   RO         1176    .text.mpu6050_get_acc  zf_device_mpu6050.o
    0x08003b8e   0x08003b8e   0x00000002   PAD
    0x08003b90   0x08003b90   0x0000005e   Code   RO         1178    .text.mpu6050_get_gyro  zf_device_mpu6050.o
    0x08003bee   0x08003bee   0x00000002   PAD
    0x08003bf0   0x08003bf0   0x00000028   Code   RO         1182    .text.mpu6050_gyro_transition  zf_device_mpu6050.o
    0x08003c18   0x08003c18   0x000000ae   Code   RO         1184    .text.mpu6050_init  zf_device_mpu6050.o
    0x08003cc6   0x08003cc6   0x00000002   PAD
    0x08003cc8   0x08003cc8   0x00000074   Code   RO         1186    .text.mpu6050_self1_check  zf_device_mpu6050.o
    0x08003d3c   0x08003d3c   0x00000092   Code   RO         1235    .text.oled_clear    zf_device_oled.o
    0x08003dce   0x08003dce   0x00000002   PAD
    0x08003dd0   0x08003dd0   0x0000007a   Code   RO         1269    .text.oled_debug_init  zf_device_oled.o
    0x08003e4a   0x08003e4a   0x00000002   PAD
    0x08003e4c   0x08003e4c   0x0000017e   Code   RO         1267    .text.oled_init     zf_device_oled.o
    0x08003fca   0x08003fca   0x00000002   PAD
    0x08003fcc   0x08003fcc   0x00000066   Code   RO         1249    .text.oled_set_coordinate  zf_device_oled.o
    0x08004032   0x08004032   0x00000002   PAD
    0x08004034   0x08004034   0x00000018   Code   RO         1243    .text.oled_set_dir  zf_device_oled.o
    0x0800404c   0x0800404c   0x00000210   Code   RO         1251    .text.oled_show_string  zf_device_oled.o
    0x0800425c   0x0800425c   0x00000028   Code   RO         1237    .text.oled_write_command  zf_device_oled.o
    0x08004284   0x08004284   0x00000028   Code   RO         1239    .text.oled_write_data  zf_device_oled.o
    0x080042ac   0x080042ac   0x000004a8   Code   RO         1577    .text.parse_joystick_string_frame  zf_device_bluetooth_hc04.o
    0x08004754   0x08004754   0x00000132   Code   RO          512    .text.pit_init      zf_driver_pit.o
    0x08004886   0x08004886   0x00000002   PAD
    0x08004888   0x08004888   0x00000256   Code   RO          525    .text.pwm_init      zf_driver_pwm.o
    0x08004ade   0x08004ade   0x00000002   PAD
    0x08004ae0   0x08004ae0   0x0000012e   Code   RO          523    .text.pwm_set_duty  zf_driver_pwm.o
    0x08004c0e   0x08004c0e   0x00000002   PAD
    0x08004c10   0x08004c10   0x0000003e   Code   RO         1439    .text.set_wireless_type  zf_device_type.o
    0x08004c4e   0x08004c4e   0x00000002   PAD
    0x08004c50   0x08004c50   0x0000008e   Code   RO          608    .text.soft_iic_init  zf_driver_soft_iic.o
    0x08004cde   0x08004cde   0x00000002   PAD
    0x08004ce0   0x08004ce0   0x00000072   Code   RO          592    .text.soft_iic_read_8bit_register  zf_driver_soft_iic.o
    0x08004d52   0x08004d52   0x00000002   PAD
    0x08004d54   0x08004d54   0x00000098   Code   RO          594    .text.soft_iic_read_8bit_registers  zf_driver_soft_iic.o
    0x08004dec   0x08004dec   0x00000164   Code   RO          584    .text.soft_iic_read_data  zf_driver_soft_iic.o
    0x08004f50   0x08004f50   0x0000011a   Code   RO          612    .text.soft_iic_send_ack  zf_driver_soft_iic.o
    0x0800506a   0x0800506a   0x00000002   PAD
    0x0800506c   0x0800506c   0x00000128   Code   RO          564    .text.soft_iic_send_data  zf_driver_soft_iic.o
    0x08005194   0x08005194   0x000000da   Code   RO          562    .text.soft_iic_start  zf_driver_soft_iic.o
    0x0800526e   0x0800526e   0x00000002   PAD
    0x08005270   0x08005270   0x000000da   Code   RO          566    .text.soft_iic_stop  zf_driver_soft_iic.o
    0x0800534a   0x0800534a   0x00000002   PAD
    0x0800534c   0x0800534c   0x000000f8   Code   RO          610    .text.soft_iic_wait_ack  zf_driver_soft_iic.o
    0x08005444   0x08005444   0x00000056   Code   RO          574    .text.soft_iic_write_8bit_register  zf_driver_soft_iic.o
    0x0800549a   0x0800549a   0x00000002   PAD
    0x0800549c   0x0800549c   0x00000366   Code   RO          708    .text.spi_init      zf_driver_spi.o
    0x08005802   0x08005802   0x00000002   PAD
    0x08005804   0x08005804   0x00000086   Code   RO          672    .text.spi_write_8bit  zf_driver_spi.o
    0x0800588a   0x0800588a   0x00000002   PAD
    0x0800588c   0x0800588c   0x0000009a   Code   RO          353    .text.system_delay_ms  zf_driver_delay.o
    0x08005926   0x08005926   0x00000002   PAD
    0x08005928   0x08005928   0x000000b2   Code   RO          729    .text.timer_clear   zf_driver_timer.o
    0x080059da   0x080059da   0x00000002   PAD
    0x080059dc   0x080059dc   0x000000b6   Code   RO          721    .text.timer_clock_enable  zf_driver_timer.o
    0x08005a92   0x08005a92   0x00000002   PAD
    0x08005a94   0x08005a94   0x00000068   Code   RO          719    .text.timer_funciton_check  zf_driver_timer.o
    0x08005afc   0x08005afc   0x000000b6   Code   RO          727    .text.timer_get     zf_driver_timer.o
    0x08005bb2   0x08005bb2   0x00000002   PAD
    0x08005bb4   0x08005bb4   0x00000108   Code   RO         1629    .text.trim_string   zf_device_bluetooth_hc04.o
    0x08005cbc   0x08005cbc   0x000000e0   Code   RO         1419    .text.tsl1401_collect_pit_handler  zf_device_tsl1401.o
    0x08005d9c   0x08005d9c   0x00000002   Code   RO         1435    .text.type_default_callback  zf_device_type.o
    0x08005d9e   0x08005d9e   0x00000002   PAD
    0x08005da0   0x08005da0   0x0000028c   Code   RO          759    .text.uart_init     zf_driver_uart.o
    0x0800602c   0x0800602c   0x00000066   Code   RO          753    .text.uart_query_byte  zf_driver_uart.o
    0x08006092   0x08006092   0x00000002   PAD
    0x08006094   0x08006094   0x000000a0   Code   RO          757    .text.uart_rx_interrupt  zf_driver_uart.o
    0x08006134   0x08006134   0x0000006c   Code   RO          747    .text.uart_write_buffer  zf_driver_uart.o
    0x080061a0   0x080061a0   0x00000040   Code   RO          745    .text.uart_write_byte  zf_driver_uart.o
    0x080061e0   0x080061e0   0x00000040   Code   RO          749    .text.uart_write_string  zf_driver_uart.o
    0x08006220   0x08006220   0x0000019e   Code   RO           96    .text.ztjs          imu.o
    0x080063be   0x080063be   0x00000002   PAD
    0x080063c0   0x080063c0   0x00000020   Code   RO         2705    i.__0printf         mc_w.l(printfa.o)
    0x080063e0   0x080063e0   0x00000028   Code   RO         2707    i.__0sprintf        mc_w.l(printfa.o)
    0x08006408   0x08006408   0x00000024   Code   RO         2711    i.__0vsprintf       mc_w.l(printfa.o)
    0x0800642c   0x0800642c   0x00000028   Code   RO         2796    i.__ARM_fpclassify  m_ws.l(fpclassify.o)
    0x08006454   0x08006454   0x00000008   Code   RO         2843    i.__aeabi_errno_addr  mc_w.l(errno.o)
    0x0800645c   0x0800645c   0x000000aa   Code   RO         2798    i.__kernel_poly     m_ws.l(poly.o)
    0x08006506   0x08006506   0x00000006   Code   RO         2783    i.__mathlib_dbl_infnan  m_ws.l(dunder.o)
    0x0800650c   0x0800650c   0x00000004   Code   RO         2784    i.__mathlib_dbl_infnan2  m_ws.l(dunder.o)
    0x08006510   0x08006510   0x00000010   Code   RO         2788    i.__mathlib_dbl_underflow  m_ws.l(dunder.o)
    0x08006520   0x08006520   0x0000000e   Code   RO         2875    i.__scatterload_copy  mc_w.l(handlers.o)
    0x0800652e   0x0800652e   0x00000002   Code   RO         2876    i.__scatterload_null  mc_w.l(handlers.o)
    0x08006530   0x08006530   0x0000000e   Code   RO         2877    i.__scatterload_zeroinit  mc_w.l(handlers.o)
    0x0800653e   0x0800653e   0x00000002   PAD
    0x08006540   0x08006540   0x0000000c   Code   RO         2845    i.__set_errno       mc_w.l(errno.o)
    0x0800654c   0x0800654c   0x00000184   Code   RO         2712    i._fp_digits        mc_w.l(printfa.o)
    0x080066d0   0x080066d0   0x000006dc   Code   RO         2713    i._printf_core      mc_w.l(printfa.o)
    0x08006dac   0x08006dac   0x00000024   Code   RO         2714    i._printf_post_padding  mc_w.l(printfa.o)
    0x08006dd0   0x08006dd0   0x0000002e   Code   RO         2715    i._printf_pre_padding  mc_w.l(printfa.o)
    0x08006dfe   0x08006dfe   0x0000000a   Code   RO         2717    i._sputc            mc_w.l(printfa.o)
    0x08006e08   0x08006e08   0x00000220   Code   RO         2775    i.atan              m_ws.l(atan.o)
    0x08007028   0x08007028   0x0000019c   Code   RO         2621    i.atan2             m_ws.l(atan2.o)
    0x080071c4   0x080071c4   0x00000081   Data   RO         2645    .constdata          mc_w.l(ctype_o.o)
    0x08007245   0x08007245   0x00000003   PAD
    0x08007248   0x08007248   0x00000004   Data   RO         2646    .constdata          mc_w.l(ctype_o.o)
    0x0800724c   0x0800724c   0x00000004   PAD
    0x08007250   0x08007250   0x00000098   Data   RO         2776    .constdata          m_ws.l(atan.o)
    0x080072e8   0x080072e8   0x00000008   Data   RO         2800    .constdata          m_ws.l(qnan.o)
    0x080072f0   0x080072f0   0x000000ac   Data   RO          222    .rodata..L__const.debug_protective_handler.pin_list  zf_common_debug.o
    0x0800739c   0x0800739c   0x00000228   Data   RO          259    .rodata.ascii_font_6x8  zf_common_font.o
    0x080075c4   0x080075c4   0x000005f0   Data   RO          258    .rodata.ascii_font_8x16  zf_common_font.o
    0x08007bb4   0x08007bb4   0x00000068   Data   RO         1646    .rodata.joystick_commands  zf_device_bluetooth_hc04.o
    0x08007c1c   0x08007c1c   0x00000004   Data   RO         1164    .rodata.key_index   zf_device_key.o
    0x08007c20   0x08007c20   0x00000038   Data   RO           85    .rodata.str1.1      main.o
    0x08007c58   0x08007c58   0x00000066   Data   RO          220    .rodata.str1.1      zf_common_debug.o
    0x08007cbe   0x08007cbe   0x0000002b   Data   RO          250    .rodata.str1.1      zf_common_fifo.o
    0x08007ce9   0x08007ce9   0x0000002c   Data   RO          357    .rodata.str1.1      zf_driver_delay.o
    0x08007d15   0x08007d15   0x0000002e   Data   RO          390    .rodata.str1.1      zf_driver_encoder.o
    0x08007d43   0x08007d43   0x0000002a   Data   RO          514    .rodata.str1.1      zf_driver_pit.o
    0x08007d6d   0x08007d6d   0x0000002a   Data   RO          527    .rodata.str1.1      zf_driver_pwm.o
    0x08007d97   0x08007d97   0x0000002f   Data   RO          614    .rodata.str1.1      zf_driver_soft_iic.o
    0x08007dc6   0x08007dc6   0x0000002a   Data   RO          711    .rodata.str1.1      zf_driver_spi.o
    0x08007df0   0x08007df0   0x0000002b   Data   RO          762    .rodata.str1.1      zf_driver_uart.o
    0x08007e1b   0x08007e1b   0x00000008   Data   RO          911    .rodata.str1.1      zf_device_gps_tau1201.o
    0x08007e23   0x08007e23   0x0000002a   Data   RO         1168    .rodata.str1.1      zf_device_key.o
    0x08007e4d   0x08007e4d   0x00000048   Data   RO         1195    .rodata.str1.1      zf_device_mpu6050.o
    0x08007e95   0x08007e95   0x0000002b   Data   RO         1273    .rodata.str1.1      zf_device_oled.o
    0x08007ec0   0x08007ec0   0x000000eb   Data   RO         1631    .rodata.str1.1      zf_device_bluetooth_hc04.o
    0x08007fab   0x08007fab   0x00000001   PAD
    0x08007fac   0x08007fac   0x00000020   Data   RO         2874    Region$$Table       anon$$obj.o


    Execution Region RW_m_data (Exec base: 0x20000000, Load base: 0x08007fcc, Size: 0x000008d8, Max: 0x0001dc00, ABSOLUTE)

    Exec Addr    Load Addr    Size         Type   Attr      Idx    E Section Name        Object

    0x20000000   0x08007fcc   0x00000004   Data   RW         2823    .data               mc_w.l(stdout.o)
    0x20000004   0x08007fd0   0x00000004   Data   RW         2846    .data               mc_w.l(errno.o)
    0x20000008   0x08007fd4   0x00000004   Data   RW          100    .data.Alpha         imu.o
    0x2000000c   0x08007fd8   0x00000008   Data   RW          343    .data.adc_index     zf_driver_adc.o
    0x20000014   0x08007fe0   0x00000004   Data   RW         1444    .data.camera_dma_handler  zf_device_type.o
    0x20000018   0x08007fe4   0x00000004   Data   RW         1442    .data.camera_uart_handler  zf_device_type.o
    0x2000001c   0x08007fe8   0x00000004   Data   RW         1443    .data.camera_vsync_handler  zf_device_type.o
    0x20000020   0x08007fec   0x00000002   Data   RW          847    .data.dl1a_distance_mm  zf_device_dl1a.o
    0x20000022   0x08007fee   0x00000002   Data   RW          870    .data.dm1xa_distance_mm  zf_device_dm1xa.o
    0x20000024   0x08007ff0   0x00000008   Data   RW          389    .data.encoder_dir_pin  zf_driver_encoder.o
    0x2000002c   0x08007ff8   0x00000001   Data   RW         1638    .data.frame_end_char  zf_device_bluetooth_hc04.o
    0x2000002d   0x08007ff9   0x00000001   Data   RW         1634    .data.frame_start_char  zf_device_bluetooth_hc04.o
    0x2000002e   0x08007ffa   0x00000002   PAD
    0x20000030   0x08007ffc   0x00000020   Data   RW          446    .data.gpio_group    zf_driver_gpio.o
    0x20000050   0x0800801c   0x00000008   Data   RW          710    .data.spi_index     zf_driver_spi.o
    0x20000058   0x08008024   0x00000004   Data   RW          183    .data.system_clock  zf_common_clock.o
    0x2000005c   0x08008028   0x00000020   Data   RW          761    .data.uart_index    zf_driver_uart.o
    0x2000007c   0x08008048   0x00000008   Data   RW          764    .data.uart_irq      zf_driver_uart.o
    0x20000084   0x08008050   0x00000004   Data   RW         1446    .data.wireless_module_uart_handler  zf_device_type.o
    0x20000088   0x08008054   0x00000001   Data   RW          218    .data.zf_debug_assert_enable  zf_common_debug.o
    0x20000089   0x08008055   0x00000003   PAD
    0x2000008c        -       0x00000004   Zero   RW          117    .bss.Angle          imu.o
    0x20000090        -       0x00000004   Zero   RW          116    .bss.AngleAcc       imu.o
    0x20000094        -       0x00000004   Zero   RW          118    .bss.AngleGyro      imu.o
    0x20000098        -       0x00000002   Zero   RW          138    .bss.AvePWM         imu.o
    0x2000009a   0x08008055   0x00000002   PAD
    0x2000009c        -       0x00000004   Zero   RW          121    .bss.AveSpeed       imu.o
    0x200000a0        -       0x00000002   Zero   RW          132    .bss.DifPWM         imu.o
    0x200000a2   0x08008055   0x00000002   PAD
    0x200000a4        -       0x00000004   Zero   RW          122    .bss.DifSpeed       imu.o
    0x200000a8        -       0x00000004   Zero   RW          134    .bss.Error0         imu.o
    0x200000ac        -       0x00000004   Zero   RW          124    .bss.Error01        imu.o
    0x200000b0        -       0x00000004   Zero   RW          129    .bss.Error02        imu.o
    0x200000b4        -       0x00000004   Zero   RW          135    .bss.Error1         imu.o
    0x200000b8        -       0x00000004   Zero   RW          125    .bss.Error11        imu.o
    0x200000bc        -       0x00000004   Zero   RW          130    .bss.Error12        imu.o
    0x200000c0        -       0x00000004   Zero   RW          136    .bss.ErrorInt       imu.o
    0x200000c4        -       0x00000004   Zero   RW          126    .bss.ErrorInt1      imu.o
    0x200000c8        -       0x00000004   Zero   RW          131    .bss.ErrorInt2      imu.o
    0x200000cc        -       0x00000004   Zero   RW          127    .bss.Target         imu.o
    0x200000d0        -       0x00000004   Zero   RW          133    .bss.actualAngle    imu.o
    0x200000d4        -       0x00000004   Zero   RW          123    .bss.actualSpeed    imu.o
    0x200000d8        -       0x00000004   Zero   RW          128    .bss.actualTurn     imu.o
    0x200000dc        -       0x00000002   Zero   RW          344    .bss.adc_resolution  zf_driver_adc.o
    0x200000de        -       0x00000200   Zero   RW         1643    .bss.bluetooth_hc04_buffer  zf_device_bluetooth_hc04.o
    0x200002de        -       0x00000001   Zero   RW         1633    .bss.bluetooth_hc04_data  zf_device_bluetooth_hc04.o
    0x200002df   0x08008055   0x00000001   PAD
    0x200002e0        -       0x00000018   Zero   RW         1632    .bss.bluetooth_hc04_fifo  zf_device_bluetooth_hc04.o
    0x200002f8        -       0x00000004   Zero   RW          110    .bss.data_acc_x     imu.o
    0x200002fc        -       0x00000004   Zero   RW          111    .bss.data_acc_y     imu.o
    0x20000300        -       0x00000004   Zero   RW          112    .bss.data_acc_z     imu.o
    0x20000304        -       0x00000004   Zero   RW          113    .bss.data_gyro_x    imu.o
    0x20000308        -       0x00000004   Zero   RW          114    .bss.data_gyro_y    imu.o
    0x2000030c        -       0x00000004   Zero   RW          115    .bss.data_gyro_z    imu.o
    0x20000310        -       0x00000001   Zero   RW          219    .bss.debug_assert_handler.assert_nest_index  zf_common_debug.o
    0x20000311   0x08008055   0x00000003   PAD
    0x20000314        -       0x00000014   Zero   RW          221    .bss.debug_output_info  zf_common_debug.o
    0x20000328        -       0x00000001   Zero   RW          846    .bss.dl1a_finsh_flag  zf_device_dl1a.o
    0x20000329   0x08008055   0x00000003   PAD
    0x2000032c        -       0x00000010   Zero   RW          848    .bss.dl1a_iic_struct  zf_device_dl1a.o
    0x2000033c        -       0x00000004   Zero   RW          868    .bss.dm1xa_plus_count  zf_device_dm1xa.o
    0x20000340        -       0x00000001   Zero   RW          869    .bss.dm1xa_ranging_state  zf_device_dm1xa.o
    0x20000341        -       0x00000001   Zero   RW          867    .bss.dm1xa_type     zf_device_dm1xa.o
    0x20000342        -       0x00000080   Zero   RW         1637    .bss.frame_buffer   zf_device_bluetooth_hc04.o
    0x200003c2        -       0x00000002   Zero   RW         1636    .bss.frame_index    zf_device_bluetooth_hc04.o
    0x200003c4        -       0x00000080   Zero   RW          908    .bss.gps_gga_buffer  zf_device_gps_tau1201.o
    0x20000444        -       0x00000001   Zero   RW          903    .bss.gps_gga_state  zf_device_gps_tau1201.o
    0x20000445        -       0x00000080   Zero   RW          906    .bss.gps_rmc_buffer  zf_device_gps_tau1201.o
    0x200004c5        -       0x00000001   Zero   RW          904    .bss.gps_rmc_state  zf_device_gps_tau1201.o
    0x200004c6        -       0x00000001   Zero   RW          902    .bss.gps_tau1201_flag  zf_device_gps_tau1201.o
    0x200004c7   0x08008055   0x00000001   PAD
    0x200004c8        -       0x00000018   Zero   RW          910    .bss.gps_tau1201_receiver_fifo  zf_device_gps_tau1201.o
    0x200004e0        -       0x00000001   Zero   RW          909    .bss.gps_tau1201_state  zf_device_gps_tau1201.o
    0x200004e1   0x08008055   0x00000003   PAD
    0x200004e4        -       0x00000004   Zero   RW          329    .bss.interrupt_nest_count  zf_common_interrupt.o
    0x200004e8        -       0x00000004   Zero   RW          103    .bss.kd1            imu.o
    0x200004ec        -       0x00000004   Zero   RW          106    .bss.kd2            imu.o
    0x200004f0        -       0x00000004   Zero   RW          109    .bss.kd3            imu.o
    0x200004f4        -       0x00000004   Zero   RW         1167    .bss.key_state      zf_device_key.o
    0x200004f8        -       0x00000004   Zero   RW          102    .bss.ki1            imu.o
    0x200004fc        -       0x00000004   Zero   RW          105    .bss.ki2            imu.o
    0x20000500        -       0x00000004   Zero   RW          108    .bss.ki3            imu.o
    0x20000504        -       0x00000004   Zero   RW          101    .bss.kp1            imu.o
    0x20000508        -       0x00000004   Zero   RW          104    .bss.kp2            imu.o
    0x2000050c        -       0x00000004   Zero   RW          107    .bss.kp3            imu.o
    0x20000510        -       0x00000002   Zero   RW          139    .bss.leftPWM        imu.o
    0x20000512   0x08008055   0x00000002   PAD
    0x20000514        -       0x00000004   Zero   RW          119    .bss.leftSpeed      imu.o
    0x20000518        -       0x00000002   Zero   RW         1191    .bss.mpu6050_acc_x  zf_device_mpu6050.o
    0x2000051a        -       0x00000002   Zero   RW         1192    .bss.mpu6050_acc_y  zf_device_mpu6050.o
    0x2000051c        -       0x00000002   Zero   RW         1193    .bss.mpu6050_acc_z  zf_device_mpu6050.o
    0x2000051e        -       0x00000002   Zero   RW         1188    .bss.mpu6050_gyro_x  zf_device_mpu6050.o
    0x20000520        -       0x00000002   Zero   RW         1189    .bss.mpu6050_gyro_y  zf_device_mpu6050.o
    0x20000522        -       0x00000002   Zero   RW         1190    .bss.mpu6050_gyro_z  zf_device_mpu6050.o
    0x20000524        -       0x00000010   Zero   RW         1194    .bss.mpu6050_iic_struct  zf_device_mpu6050.o
    0x20000534        -       0x00000004   Zero   RW         1642    .bss.numeric_callback  zf_device_bluetooth_hc04.o
    0x20000538        -       0x0000001c   Zero   RW         1640    .bss.numeric_data   zf_device_bluetooth_hc04.o
    0x20000554        -       0x00000001   Zero   RW         1271    .bss.oled_display_dir  zf_device_oled.o
    0x20000555        -       0x00000001   Zero   RW         1272    .bss.oled_display_font  zf_device_oled.o
    0x20000556   0x08008055   0x00000002   PAD
    0x20000558        -       0x00000004   Zero   RW          137    .bss.out            imu.o
    0x2000055c        -       0x00000001   Zero   RW         1635    .bss.parsing_frame  zf_device_bluetooth_hc04.o
    0x2000055d   0x08008055   0x00000001   PAD
    0x2000055e        -       0x00000002   Zero   RW          140    .bss.rightPWM       imu.o
    0x20000560        -       0x00000004   Zero   RW          120    .bss.rightSpeed     imu.o
    0x20000564        -       0x00000004   Zero   RW         1641    .bss.rx_callback    zf_device_bluetooth_hc04.o
    0x20000568        -       0x00000004   Zero   RW         1166    .bss.scanner_period  zf_device_key.o
    0x2000056c        -       0x000000a8   Zero   RW           86    .bss.string_data    main.o
    0x20000614        -       0x000000a8   Zero   RW         1639    .bss.string_data    zf_device_bluetooth_hc04.o
    0x200006bc        -       0x00000008   Zero   RW          735    .bss.timer_function_state  zf_driver_timer.o
    0x200006c4        -       0x00000008   Zero   RW          736    .bss.timer_mode_state  zf_driver_timer.o
    0x200006cc        -       0x00000200   Zero   RW         1426    .bss.tsl1401_data   zf_device_tsl1401.o
    0x200008cc        -       0x00000001   Zero   RW         1427    .bss.tsl1401_finish_flag  zf_device_tsl1401.o
    0x200008cd        -       0x00000001   Zero   RW         1425    .bss.tsl1401_init_state  zf_device_tsl1401.o
    0x200008ce        -       0x00000008   Zero   RW          763    .bss.uart_interrupt_state  zf_driver_uart.o
    0x200008d6        -       0x00000001   Zero   RW         1445    .bss.wireless_type  zf_device_type.o
    0x200008d7        -       0x00000001   Zero   RW          217    .bss.zf_debug_init_flag  zf_common_debug.o


    Execution Region ARM_LIB_HEAP (Exec base: 0x200008d8, Load base: 0x08008058, Size: 0x00000400, Max: 0x00000400, ABSOLUTE)

    Exec Addr    Load Addr    Size         Type   Attr      Idx    E Section Name        Object

    0x200008d8        -       0x00000400   Zero   RW            1    ARM_LIB_HEAP.bss    anon$$obj.o


    Execution Region ARM_LIB_STACK (Exec base: 0x2001e000, Load base: 0x08008058, Size: 0x00002000, Max: 0x00002000, ABSOLUTE)

    Exec Addr    Load Addr    Size         Type   Attr      Idx    E Section Name        Object

    0x2001e000        -       0x00002000   Zero   RW            2    ARM_LIB_STACK.bss   anon$$obj.o


==============================================================================

Image component sizes


      Code (inc. data)   RO Data    RW Data    ZI Data      Debug   Object Name

      1516          0          0          4        152       3706   imu.o
      1722          0          0          0          0       6475   isr.o
       324          0         56          0        168       3857   main.o
        36          8        400          0          0        844   startup_mm32f3277g.o
        16          0          0          0          0        416   system_mm32f3277g.o
       796          0          0          4          0       2896   zf_common_clock.o
      1654          0        274          1         22       8148   zf_common_debug.o
      1412          0         43          0          0       5423   zf_common_fifo.o
         0          0       2072          0          0        732   zf_common_font.o
        66          0          0          0          0       8019   zf_common_function.o
       250          0          0          0          4       4633   zf_common_interrupt.o
      2604         12        339          2        872      12252   zf_device_bluetooth_hc04.o
       166          0          0          2         17       7678   zf_device_dl1a.o
       314          4          0          2          6       3526   zf_device_dm1xa.o
       314          0          8          0        284       8144   zf_device_gps_tau1201.o
       122          0         46          0          8       2981   zf_device_key.o
       554          0         72          0         28       3152   zf_device_mpu6050.o
      1384          0         43          0          2       9226   zf_device_oled.o
       224          0          0          0        514       3511   zf_device_tsl1401.o
        64          0          0         16          1       1517   zf_device_type.o
       150          0          0          8          2       4682   zf_driver_adc.o
       154          0         44          0          0       1189   zf_driver_delay.o
       568         16         46          8          0       5932   zf_driver_encoder.o
      1016          0          0         32          0       4799   zf_driver_gpio.o
       306          8         42          0          0       5077   zf_driver_pit.o
       900         16         42          0          0       5351   zf_driver_pwm.o
      2112          0         47          0          0       8788   zf_driver_soft_iic.o
      1004          4         42          8          0       8655   zf_driver_spi.o
       646         24          0          0         16       7406   zf_driver_timer.o
      1150          8         43         40          8       7458   zf_driver_uart.o

    ----------------------------------------------------------------------
     21692        100       3692        132      11340     156473   Object Totals
         0          0         32          0       9216          0   (incl. Generated)
       148          0          1          5         20          0   (incl. Padding)

    ----------------------------------------------------------------------

      Code (inc. data)   RO Data    RW Data    ZI Data      Debug   Library Member Name

       544         70        152          0          0        124   atan.o
       412         38          0          0          0        144   atan2.o
        26          6          0          0          0        204   dunder.o
        40          0          0          0          0         68   fpclassify.o
       170          0          0          0          0         96   poly.o
         0          0          8          0          0          0   qnan.o
        28          0          0          0          0         68   _chval.o
       158          0          0          0          0         92   _strtoul.o
        26          0          0          0          0         80   atoi.o
         8          4        133          0          0         68   ctype_o.o
         0          0          0          0          0          0   entry.o
         0          0          0          0          0          0   entry10a.o
         0          0          0          0          0          0   entry11a.o
         8          4          0          0          0          0   entry4.o
         4          0          0          0          0          0   entry5.o
         0          0          0          0          0          0   entry7b.o
         0          0          0          0          0          0   entry8b.o
         8          4          0          0          0          0   entry9a.o
        20         10          0          4          0        136   errno.o
        30          0          0          0          0          0   handlers.o
        48         10          0          0          0         68   init.o
         0          0          0          0          0          0   iusefp.o
        30          0          0          0          0         68   llshl.o
        36          0          0          0          0         68   llsshr.o
        32          0          0          0          0         68   llushr.o
        64          0          0          0          0         76   memmovea.o
        36          0          0          0          0        108   memseta.o
      2344        102          0          0          0        684   printfa.o
         0          0          0          4          0          0   stdout.o
        42          0          0          0          0         84   strcasecmp.o
        18          0          0          0          0         68   strcpy.o
        14          0          0          0          0         68   strlen.o
        30          0          0          0          0         80   strncmp.o
        24          0          0          0          0         76   strncpy.o
       112          0          0          0          0         88   strtol.o
        12          0          0          0          0         68   tolower.o
        44          0          0          0          0         80   uidiv.o
        98          0          0          0          0         92   uldiv.o
        48          0          0          0          0         68   cdcmple.o
        48          0          0          0          0         68   cdrcmple.o
        56          0          0          0          0         88   d2f.o
       334          0          0          0          0        148   dadd.o
       222          0          0          0          0        100   ddiv.o
       186          0          0          0          0        176   depilogue.o
        62          0          0          0          0         80   dfixi.o
        48          0          0          0          0         68   dfixul.o
        34          0          0          0          0         76   dflti.o
       228          0          0          0          0         96   dmul.o
        46          0          0          0          0         80   dscalb.o
        38          0          0          0          0         68   f2d.o
       176          0          0          0          0        140   fadd.o
       124          0          0          0          0         88   fdiv.o
       110          0          0          0          0        168   fepilogue.o
        50          0          0          0          0         68   ffixi.o
        18          0          0          0          0         68   fflti.o
        10          0          0          0          0         68   ffltui.o
       100          0          0          0          0         76   fmul.o

    ----------------------------------------------------------------------
      6408        248        300          8          0       4716   Library Totals
         4          0          7          0          0          0   (incl. Padding)

    ----------------------------------------------------------------------

      Code (inc. data)   RO Data    RW Data    ZI Data      Debug   Library Name

      1192        114        160          0          0        636   m_ws.l
      3274        134        133          8          0       2288   mc_w.l
      1938          0          0          0          0       1792   mf_w.l

    ----------------------------------------------------------------------
      6408        248        300          8          0       4716   Library Totals

    ----------------------------------------------------------------------

==============================================================================


      Code (inc. data)   RO Data    RW Data    ZI Data      Debug   

     28100        348       3992        140      11340     158149   Grand Totals
     28100        348       3992        140      11340     158149   ELF Image Totals
     28100        348       3992        140          0          0   ROM Totals

==============================================================================

    Total RO  Size (Code + RO Data)                32092 (  31.34kB)
    Total RW  Size (RW Data + ZI Data)             11480 (  11.21kB)
    Total ROM Size (Code + RO Data + RW Data)      32232 (  31.48kB)

==============================================================================

