<html>
<body>
<pre>
<h1>µVision Build Log</h1>
<h2>Tool Versions:</h2>
IDE-Version: ¦ÌVision V5.43.1.0
Copyright (C) 2025 ARM Ltd and ARM Germany GmbH. All rights reserved.
License Information: unique 642562013@qq.com, 1, LIC=PE7DL-0NDRV-UHN8H-W7XFY-EIBF2-255LJ
 
Tool Versions:
Toolchain:       MDK-ARM Plus  Version: 5.43.0.0
Toolchain Path:  D:\ARM\ARMCLANG\Bin
C Compiler:      ArmClang.exe V6.24
Assembler:       Armasm.exe V6.24
Linker/Locator:  ArmLink.exe V6.24
Library Manager: ArmAr.exe V6.24
Hex Converter:   FromElf.exe V6.24
CPU DLL:         SARMCM3.DLL V5.43.0.0
Dialog DLL:      DCM.DLL V1.17.5.0
Target DLL:      CMSIS_AGDI.dll V1.33.24.0
Dialog DLL:      TCM.DLL V1.56.6.0
 
<h2>Project:</h2>
C:\Users\64256\Desktop\stm32project\balence-car\project\mdk\mm32f327x_g8p.uvprojx
Project File Date:  01/24/2026

<h2>Output:</h2>
*** Using Compiler 'V6.24', folder: 'D:\ARM\ARMCLANG\Bin'
Build target 'mm32f327x_g8p_project'
../../libraries/zf_device/zf_device_bluetooth_hc04.c(1023): warning: format specifies type 'long' but the argument has type 'int32' (aka 'int') [-Wformat]
 1023 |     sprintf(buffer, "%ld", value);
      |                      ~~~   ^~~~~
      |                      %d
../../libraries/zf_device/zf_device_bluetooth_hc04.c(1036): warning: format specifies type 'unsigned long' but the argument has type 'uint32' (aka 'unsigned int') [-Wformat]
 1036 |     sprintf(buffer, "%lu", value);
      |                      ~~~   ^~~~~
      |                      %u
2 warnings generated.
compiling zf_device_bluetooth_hc04.c...
linking...
Program Size: Code=28100 RO-data=3992 RW-data=140 ZI-data=11340  
".\Objects\MM32F327X_G8P.axf" - 0 Error(s), 2 Warning(s).

<h2>Software Packages used:</h2>

Package Vendor: MindMotion
                http://www.mindmotion.com.cn/Download/MDK_KEIL/MindMotion.MM32F3270_DFP.1.1.8.pack
                MindMotion::MM32F3270_DFP@1.1.8
                MindMotion MM32F3270 Series Device Support, Drivers and Examples

<h2>Collection of Component include folders:</h2>
  D:/ARM/PACK/MindMotion/MM32F3270_DFP/1.1.8/Device/MM32F327x/Include

<h2>Collection of Component Files used:</h2>
Build Time Elapsed:  00:00:02
</pre>
</body>
</html>
